Component: Arm Compiler for Embedded 6.21 Tool: armlink [5ec1fa00]

==============================================================================

Section Cross References

    startup_stm32f407xx.o(RESET) refers to startup_stm32f407xx.o(STACK) for __initial_sp
    startup_stm32f407xx.o(RESET) refers to startup_stm32f407xx.o(.text) for Reset_Handler
    startup_stm32f407xx.o(RESET) refers to stm32f4xx_it.o(.text.NMI_Handler) for NMI_Handler
    startup_stm32f407xx.o(RESET) refers to stm32f4xx_it.o(.text.HardFault_Handler) for HardFault_Handler
    startup_stm32f407xx.o(RESET) refers to stm32f4xx_it.o(.text.MemManage_Handler) for MemManage_Handler
    startup_stm32f407xx.o(RESET) refers to stm32f4xx_it.o(.text.BusFault_Handler) for BusFault_Handler
    startup_stm32f407xx.o(RESET) refers to stm32f4xx_it.o(.text.UsageFault_Handler) for UsageFault_Handler
    startup_stm32f407xx.o(RESET) refers to stm32f4xx_it.o(.text.SVC_Handler) for SVC_Handler
    startup_stm32f407xx.o(RESET) refers to stm32f4xx_it.o(.text.DebugMon_Handler) for DebugMon_Handler
    startup_stm32f407xx.o(RESET) refers to stm32f4xx_it.o(.text.PendSV_Handler) for PendSV_Handler
    startup_stm32f407xx.o(RESET) refers to stm32f4xx_it.o(.text.SysTick_Handler) for SysTick_Handler
    startup_stm32f407xx.o(RESET) refers to stm32f4xx_it.o(.text.DMA1_Stream1_IRQHandler) for DMA1_Stream1_IRQHandler
    startup_stm32f407xx.o(RESET) refers to stm32f4xx_it.o(.text.DMA1_Stream3_IRQHandler) for DMA1_Stream3_IRQHandler
    startup_stm32f407xx.o(RESET) refers to stm32f4xx_it.o(.text.ADC_IRQHandler) for ADC_IRQHandler
    startup_stm32f407xx.o(RESET) refers to stm32f4xx_it.o(.text.TIM2_IRQHandler) for TIM2_IRQHandler
    startup_stm32f407xx.o(RESET) refers to stm32f4xx_it.o(.text.SPI1_IRQHandler) for SPI1_IRQHandler
    startup_stm32f407xx.o(RESET) refers to stm32f4xx_it.o(.text.SPI2_IRQHandler) for SPI2_IRQHandler
    startup_stm32f407xx.o(RESET) refers to stm32f4xx_it.o(.text.USART3_IRQHandler) for USART3_IRQHandler
    startup_stm32f407xx.o(RESET) refers to stm32f4xx_it.o(.text.RTC_Alarm_IRQHandler) for RTC_Alarm_IRQHandler
    startup_stm32f407xx.o(RESET) refers to stm32f4xx_it.o(.text.DMA2_Stream0_IRQHandler) for DMA2_Stream0_IRQHandler
    startup_stm32f407xx.o(RESET) refers to stm32f4xx_it.o(.text.DMA2_Stream2_IRQHandler) for DMA2_Stream2_IRQHandler
    startup_stm32f407xx.o(RESET) refers to stm32f4xx_it.o(.text.DMA2_Stream4_IRQHandler) for DMA2_Stream4_IRQHandler
    startup_stm32f407xx.o(.text) refers to system_stm32f4xx.o(.text.SystemInit) for SystemInit
    startup_stm32f407xx.o(.text) refers to entry.o(.ARM.Collect$$$$00000000) for __main
    main.o(.text.main) refers to stm32f4xx_hal.o(.text.HAL_Init) for HAL_Init
    main.o(.text.main) refers to stm32f4xx_hal_rcc.o(.text.HAL_RCC_OscConfig) for HAL_RCC_OscConfig
    main.o(.text.main) refers to stm32f4xx_hal_rcc.o(.text.HAL_RCC_ClockConfig) for HAL_RCC_ClockConfig
    main.o(.text.main) refers to stm32f4xx_hal_rcc_ex.o(.text.HAL_RCCEx_PeriphCLKConfig) for HAL_RCCEx_PeriphCLKConfig
    main.o(.text.main) refers to gpio.o(.text.MX_GPIO_Init) for MX_GPIO_Init
    main.o(.text.main) refers to dma.o(.text.MX_DMA_Init) for MX_DMA_Init
    main.o(.text.main) refers to rtc.o(.text.MX_RTC_Init) for MX_RTC_Init
    main.o(.text.main) refers to adc.o(.text.MX_ADC1_Init) for MX_ADC1_Init
    main.o(.text.main) refers to adc.o(.text.MX_ADC2_Init) for MX_ADC2_Init
    main.o(.text.main) refers to adc.o(.text.MX_ADC3_Init) for MX_ADC3_Init
    main.o(.text.main) refers to tim.o(.text.MX_TIM2_Init) for MX_TIM2_Init
    main.o(.text.main) refers to spi.o(.text.MX_SPI1_Init) for MX_SPI1_Init
    main.o(.text.main) refers to spi.o(.text.MX_SPI2_Init) for MX_SPI2_Init
    main.o(.text.main) refers to tim.o(.text.MX_TIM3_Init) for MX_TIM3_Init
    main.o(.text.main) refers to usart.o(.text.MX_USART3_UART_Init) for MX_USART3_UART_Init
    main.o(.text.main) refers to tim.o(.bss.htim2) for htim2
    main.o(.text.main) refers to stm32f4xx_hal_tim.o(.text.HAL_TIM_Base_Start) for HAL_TIM_Base_Start
    main.o(.text.main) refers to adc.o(.bss.hadc1) for hadc1
    main.o(.text.main) refers to stm32f4xx_hal_adc.o(.text.HAL_ADC_Start_IT) for HAL_ADC_Start_IT
    main.o(.text.main) refers to adc.o(.bss.hadc2) for hadc2
    main.o(.text.main) refers to adc.o(.bss.hadc3) for hadc3
    main.o(.text.main) refers to spi.o(.bss.hspi1) for hspi1
    main.o(.text.main) refers to my_ili9341.o(.text.ILI9341_Init) for ILI9341_Init
    main.o(.text.main) refers to spi.o(.bss.hspi2) for hspi2
    main.o(.text.main) refers to tsc2046.o(.text.TSC2046_Begin) for TSC2046_Begin
    main.o(.text.main) refers to my_ili9341.o(.text.ILI9341_Fill) for ILI9341_Fill
    main.o(.text.main) refers to my_ili9341.o(.text.ILI9341_setRotation) for ILI9341_setRotation
    main.o(.text.main) refers to main.o(.rodata.str1.1) for .L.str
    main.o(.text.main) refers to my_ili9341.o(.text.ILI9341_printText) for ILI9341_printText
[...]
    i.__mathlib_dbl_overflow                 0x08009b98   Section        0  dunder.o(i.__mathlib_dbl_overflow)
    i.__mathlib_dbl_underflow                0x08009bb8   Section        0  dunder.o(i.__mathlib_dbl_underflow)
    i.__scatterload_copy                     0x08009bd8   Section       14  handlers.o(i.__scatterload_copy)
    i.__scatterload_null                     0x08009be6   Section        2  handlers.o(i.__scatterload_null)
    i.__scatterload_zeroinit                 0x08009be8   Section       14  handlers.o(i.__scatterload_zeroinit)
    i.__set_errno                            0x08009bf8   Section        0  errno.o(i.__set_errno)
    _fp_digits                               0x08009c05   Thumb Code   366  printfa.o(i._fp_digits)
    i._fp_digits                             0x08009c04   Section        0  printfa.o(i._fp_digits)
    _printf_core                             0x08009d89   Thumb Code  1744  printfa.o(i._printf_core)
    i._printf_core                           0x08009d88   Section        0  printfa.o(i._printf_core)
    _printf_post_padding                     0x0800a465   Thumb Code    36  printfa.o(i._printf_post_padding)
    i._printf_post_padding                   0x0800a464   Section        0  printfa.o(i._printf_post_padding)
    _printf_pre_padding                      0x0800a489   Thumb Code    46  printfa.o(i._printf_pre_padding)
    i._printf_pre_padding                    0x0800a488   Section        0  printfa.o(i._printf_pre_padding)
    _sputc                                   0x0800a4b7   Thumb Code    10  printfa.o(i._sputc)
    i._sputc                                 0x0800a4b6   Section        0  printfa.o(i._sputc)
    .constdata                               0x0800a4c0   Section     2048  arm_common_tables.o(.constdata)
    .constdata                               0x0800acc0   Section    32768  arm_common_tables.o(.constdata)
    halF                                     0x08012cc0   Data          16  exp.o(.constdata)
    .constdata                               0x08012cc0   Section       88  exp.o(.constdata)
    ln2HI                                    0x08012cd0   Data          16  exp.o(.constdata)
    ln2LO                                    0x08012ce0   Data          16  exp.o(.constdata)
    P                                        0x08012cf0   Data          40  exp.o(.constdata)
    DMA_CalcBaseAndBitshift.flagBitshiftOffset 0x08012d30   Data           8  stm32f4xx_hal_dma.o(.rodata.cst8)
    [Anonymous Symbol]                       0x08012d30   Section        0  stm32f4xx_hal_dma.o(.rodata.cst8)
    font1                                    0x08012d38   Data        1280  my_ili9341.o(.rodata.font1)
    [Anonymous Symbol]                       0x08012d38   Section        0  my_ili9341.o(.rodata.font1)
    .L.str.5                                 0x08013238   Data           7  main.o(.rodata.str1.1)
    [Anonymous Symbol]                       0x08013238   Section        0  main.o(.rodata.str1.1)
    .L.str.22                                0x0801323f   Data          30  main.o(.rodata.str1.1)
    .L.str.17                                0x0801325d   Data          30  main.o(.rodata.str1.1)
    .L.str.2                                 0x0801327b   Data          14  main.o(.rodata.str1.1)
    .L.str.36                                0x08013289   Data          13  main.o(.rodata.str1.1)
    .L.str.66                                0x08013296   Data          12  main.o(.rodata.str1.1)
    .L.str.65                                0x080132a2   Data          18  main.o(.rodata.str1.1)
    .L.str.20                                0x080132b4   Data          10  main.o(.rodata.str1.1)
    .L.str.67                                0x080132be   Data           6  main.o(.rodata.str1.1)
    .L.str.68                                0x080132c4   Data           5  main.o(.rodata.str1.1)
    .L.str.39                                0x080132c9   Data           9  main.o(.rodata.str1.1)
    .L.str.40                                0x080132d2   Data           9  main.o(.rodata.str1.1)
    .L.str.19                                0x080132db   Data          10  main.o(.rodata.str1.1)
    .L.str.21                                0x080132e5   Data          10  main.o(.rodata.str1.1)
    .L.str.49                                0x080132ef   Data           2  main.o(.rodata.str1.1)
    .L.str                                   0x080132f1   Data          17  main.o(.rodata.str1.1)
    .L.str.1                                 0x08013302   Data          14  main.o(.rodata.str1.1)
    _errno                                   0x20000000   Data           4  errno.o(.data)
    .data                                    0x20000000   Section        4  errno.o(.data)
    .L_MergedGlobals                         0x20000004   Data           8  stm32f4xx_hal.o(.data..L_MergedGlobals)
    [Anonymous Symbol]                       0x20000004   Section        0  stm32f4xx_hal.o(.data..L_MergedGlobals)
    rotationNum                              0x20000018   Data           1  my_ili9341.o(.data.rotationNum)
    [Anonymous Symbol]                       0x20000018   Section        0  my_ili9341.o(.data.rotationNum)
    .L_MergedGlobals                         0x20000020   Data         112  main.o(.bss..L_MergedGlobals)
    [Anonymous Symbol]                       0x20000020   Section        0  main.o(.bss..L_MergedGlobals)
    .L_MergedGlobals                         0x20000090   Data          72  rtc.o(.bss..L_MergedGlobals)
    [Anonymous Symbol]                       0x20000090   Section        0  rtc.o(.bss..L_MergedGlobals)
    .L_MergedGlobals                         0x200000d8   Data         104  my_ili9341.o(.bss..L_MergedGlobals)
    tftDC_PIN                                0x200000d8   Data           2  my_ili9341.o(.bss..L_MergedGlobals)
    [Anonymous Symbol]                       0x200000d8   Section        0  my_ili9341.o(.bss..L_MergedGlobals)
    tftCS_PIN                                0x200000da   Data           2  my_ili9341.o(.bss..L_MergedGlobals)
    tftDC_GPIO                               0x200000dc   Data           4  my_ili9341.o(.bss..L_MergedGlobals)
    tftCS_GPIO                               0x200000e0   Data           4  my_ili9341.o(.bss..L_MergedGlobals)
    tftRESET_GPIO                            0x200000e4   Data           4  my_ili9341.o(.bss..L_MergedGlobals)
    lcdSPIhandle                             0x200000e8   Data          88  my_ili9341.o(.bss..L_MergedGlobals)
    .L_MergedGlobals                         0x20000140   Data          52  tsc2046.o(.bss..L_MergedGlobals)
    ScreenOrientation                        0x20000140   Data           1  tsc2046.o(.bss..L_MergedGlobals)
    [Anonymous Symbol]                       0x20000140   Section        0  tsc2046.o(.bss..L_MergedGlobals)
    tsCS_PIN                                 0x20000142   Data           2  tsc2046.o(.bss..L_MergedGlobals)
    myTS_Calibrate.0                         0x20000144   Data           2  tsc2046.o(.bss..L_MergedGlobals)
    myTS_Calibrate.1                         0x20000148   Data           2  tsc2046.o(.bss..L_MergedGlobals)
    myTS_Calibrate.2                         0x2000014c   Data           2  tsc2046.o(.bss..L_MergedGlobals)
    myTS_Calibrate.3                         0x20000150   Data           2  tsc2046.o(.bss..L_MergedGlobals)
    myTS_Calibrate.8                         0x20000154   Data           2  tsc2046.o(.bss..L_MergedGlobals)
    myTS_Calibrate.9                         0x20000158   Data           2  tsc2046.o(.bss..L_MergedGlobals)
    tsCS_GPIO                                0x2000015c   Data           4  tsc2046.o(.bss..L_MergedGlobals)
    myTS_Calibrate.4                         0x20000160   Data           4  tsc2046.o(.bss..L_MergedGlobals)
    myTS_Calibrate.5                         0x20000164   Data           4  tsc2046.o(.bss..L_MergedGlobals)
    myTS_Calibrate.6                         0x20000168   Data           4  tsc2046.o(.bss..L_MergedGlobals)
    myTS_Calibrate.7                         0x2000016c   Data           4  tsc2046.o(.bss..L_MergedGlobals)
    localRawTouch                            0x20000170   Data           4  tsc2046.o(.bss..L_MergedGlobals)
    .L_MergedGlobals.78                      0x20000178   Data          88  main.o(.bss..L_MergedGlobals.78)
    [Anonymous Symbol]                       0x20000178   Section        0  main.o(.bss..L_MergedGlobals.78)
    .L_MergedGlobals.79                      0x200001d0   Data         100  main.o(.bss..L_MergedGlobals.79)
    [Anonymous Symbol]                       0x200001d0   Section        0  main.o(.bss..L_MergedGlobals.79)
    .L_MergedGlobals.80                      0x20000234   Data         100  main.o(.bss..L_MergedGlobals.80)
    [Anonymous Symbol]                       0x20000234   Section        0  main.o(.bss..L_MergedGlobals.80)
    .L_MergedGlobals.81                      0x20000298   Data         100  main.o(.bss..L_MergedGlobals.81)
    [Anonymous Symbol]                       0x20000298   Section        0  main.o(.bss..L_MergedGlobals.81)
    .L_MergedGlobals.82                      0x200002fc   Data         100  main.o(.bss..L_MergedGlobals.82)
    [Anonymous Symbol]                       0x200002fc   Section        0  main.o(.bss..L_MergedGlobals.82)
    .L_MergedGlobals.83                      0x20000360   Data         120  main.o(.bss..L_MergedGlobals.83)
    [Anonymous Symbol]                       0x20000360   Section        0  main.o(.bss..L_MergedGlobals.83)
    tsSPIhandle                              0x20001d94   Data          88  tsc2046.o(.bss.tsSPIhandle)
    [Anonymous Symbol]                       0x20001d94   Section        0  tsc2046.o(.bss.tsSPIhandle)
    STACK                                    0x20001ff0   Section     1024  startup_stm32f407xx.o(STACK)

    Global Symbols

    Symbol Name                              Value     Ov Type        Size  Object(Section)

    BuildAttributes$$THM_ISAv4$E$P$D$K$B$S$7EM$VFPi3$EXTD16$VFPS$VFMA$PE$A:L22UL41UL21$X:L11$S22US41US21$IEEE1$IW$~IW$USESV6$~STKCKD$USESV7$~SHL$OTIME$ROPI$IEEEX$EBA8$MICROLIB$REQ8$PRES8$EABIv2 0x00000000   Number         0  anon$$obj.o ABSOLUTE
    _printf_a                                0x00000000   Number         0  printfstubs.o ABSOLUTE
    _printf_c                                0x00000000   Number         0  printfstubs.o ABSOLUTE
    _printf_charcount                        0x00000000   Number         0  printfstubs.o ABSOLUTE
    _printf_d                                0x00000000   Number         0  printfstubs.o ABSOLUTE
    _printf_e                                0x00000000   Number         0  printfstubs.o ABSOLUTE
    _printf_f                                0x00000000   Number         0  printfstubs.o ABSOLUTE
    _printf_flags                            0x00000000   Number         0  printfstubs.o ABSOLUTE
    _printf_fp_dec                           0x00000000   Number         0  printfstubs.o ABSOLUTE
    _printf_fp_hex                           0x00000000   Number         0  printfstubs.o ABSOLUTE
    _printf_g                                0x00000000   Number         0  printfstubs.o ABSOLUTE
    _printf_i                                0x00000000   Number         0  printfstubs.o ABSOLUTE
    _printf_int_dec                          0x00000000   Number         0  printfstubs.o ABSOLUTE
    _printf_l                                0x00000000   Number         0  printfstubs.o ABSOLUTE
    _printf_lc                               0x00000000   Number         0  printfstubs.o ABSOLUTE
    _printf_ll                               0x00000000   Number         0  printfstubs.o ABSOLUTE
    _printf_lld                              0x00000000   Number         0  printfstubs.o ABSOLUTE
    _printf_lli                              0x00000000   Number         0  printfstubs.o ABSOLUTE
    _printf_llo                              0x00000000   Number         0  printfstubs.o ABSOLUTE
    _printf_llu                              0x00000000   Number         0  printfstubs.o ABSOLUTE
    _printf_llx                              0x00000000   Number         0  printfstubs.o ABSOLUTE
    _printf_longlong_dec                     0x00000000   Number         0  printfstubs.o ABSOLUTE
    _printf_longlong_hex                     0x00000000   Number         0  printfstubs.o ABSOLUTE
    _printf_longlong_oct                     0x00000000   Number         0  printfstubs.o ABSOLUTE
    _printf_ls                               0x00000000   Number         0  printfstubs.o ABSOLUTE
    _printf_mbtowc                           0x00000000   Number         0  printfstubs.o ABSOLUTE
    _printf_n                                0x00000000   Number         0  printfstubs.o ABSOLUTE
    _printf_o                                0x00000000   Number         0  printfstubs.o ABSOLUTE
    _printf_p                                0x00000000   Number         0  printfstubs.o ABSOLUTE
    _printf_percent                          0x00000000   Number         0  printfstubs.o ABSOLUTE
    _printf_pre_padding                      0x00000000   Number         0  printfstubs.o ABSOLUTE
    _printf_return_value                     0x00000000   Number         0  printfstubs.o ABSOLUTE
    _printf_s                                0x00000000   Number         0  printfstubs.o ABSOLUTE
    _printf_sizespec                         0x00000000   Number         0  printfstubs.o ABSOLUTE
    _printf_str                              0x00000000   Number         0  printfstubs.o ABSOLUTE
    _printf_truncate_signed                  0x00000000   Number         0  printfstubs.o ABSOLUTE
    _printf_truncate_unsigned                0x00000000   Number         0  printfstubs.o ABSOLUTE
    _printf_u                                0x00000000   Number         0  printfstubs.o ABSOLUTE
    _printf_wc                               0x00000000   Number         0  printfstubs.o ABSOLUTE
    _printf_wctomb                           0x00000000   Number         0  printfstubs.o ABSOLUTE
    _printf_widthprec                        0x00000000   Number         0  printfstubs.o ABSOLUTE
    _printf_x                                0x00000000   Number         0  printfstubs.o ABSOLUTE
    __cpp_initialize__aeabi_                  - Undefined Weak Reference
    __cxa_finalize                            - Undefined Weak Reference
    __decompress                              - Undefined Weak Reference
    _clock_init                               - Undefined Weak Reference
    _microlib_exit                            - Undefined Weak Reference
    __Vectors_Size                           0x00000188   Number         0  startup_stm32f407xx.o ABSOLUTE
    __Vectors                                0x08000000   Data           4  startup_stm32f407xx.o(RESET)
    __Vectors_End                            0x08000188   Data           0  startup_stm32f407xx.o(RESET)
    __main                                   0x08000189   Thumb Code     0  entry.o(.ARM.Collect$$$$00000000)
    _main_stk                                0x08000189   Thumb Code     0  entry2.o(.ARM.Collect$$$$00000001)
    _main_scatterload                        0x0800018d   Thumb Code     0  entry5.o(.ARM.Collect$$$$00000004)
    __main_after_scatterload                 0x08000191   Thumb Code     0  entry5.o(.ARM.Collect$$$$00000004)
    _main_clock                              0x08000191   Thumb Code     0  entry7b.o(.ARM.Collect$$$$00000008)
    _main_cpp_init                           0x08000191   Thumb Code     0  entry8b.o(.ARM.Collect$$$$0000000A)
    _main_init                               0x08000191   Thumb Code     0  entry9a.o(.ARM.Collect$$$$0000000B)
    __rt_final_cpp                           0x08000199   Thumb Code     0  entry10a.o(.ARM.Collect$$$$0000000D)
    __rt_final_exit                          0x08000199   Thumb Code     0  entry11a.o(.ARM.Collect$$$$0000000F)
    Reset_Handler                            0x0800019d   Thumb Code     8  startup_stm32f407xx.o(.text)
    CAN1_RX0_IRQHandler                      0x080001b7   Thumb Code     0  startup_stm32f407xx.o(.text)
    CAN1_RX1_IRQHandler                      0x080001b7   Thumb Code     0  startup_stm32f407xx.o(.text)
    CAN1_SCE_IRQHandler                      0x080001b7   Thumb Code     0  startup_stm32f407xx.o(.text)
    CAN1_TX_IRQHandler                       0x080001b7   Thumb Code     0  startup_stm32f407xx.o(.text)
    CAN2_RX0_IRQHandler                      0x080001b7   Thumb Code     0  startup_stm32f407xx.o(.text)
    CAN2_RX1_IRQHandler                      0x080001b7   Thumb Code     0  startup_stm32f407xx.o(.text)
    CAN2_SCE_IRQHandler                      0x080001b7   Thumb Code     0  startup_stm32f407xx.o(.text)
    CAN2_TX_IRQHandler                       0x080001b7   Thumb Code     0  startup_stm32f407xx.o(.text)
    DCMI_IRQHandler                          0x080001b7   Thumb Code     0  startup_stm32f407xx.o(.text)
    DMA1_Stream0_IRQHandler                  0x080001b7   Thumb Code     0  startup_stm32f407xx.o(.text)
    DMA1_Stream2_IRQHandler                  0x080001b7   Thumb Code     0  startup_stm32f407xx.o(.text)
    DMA1_Stream4_IRQHandler                  0x080001b7   Thumb Code     0  startup_stm32f407xx.o(.text)
    DMA1_Stream5_IRQHandler                  0x080001b7   Thumb Code     0  startup_stm32f407xx.o(.text)
    DMA1_Stream6_IRQHandler                  0x080001b7   Thumb Code     0  startup_stm32f407xx.o(.text)
    DMA1_Stream7_IRQHandler                  0x080001b7   Thumb Code     0  startup_stm32f407xx.o(.text)
    DMA2_Stream1_IRQHandler                  0x080001b7   Thumb Code     0  startup_stm32f407xx.o(.text)
    DMA2_Stream3_IRQHandler                  0x080001b7   Thumb Code     0  startup_stm32f407xx.o(.text)
    DMA2_Stream5_IRQHandler                  0x080001b7   Thumb Code     0  startup_stm32f407xx.o(.text)
    DMA2_Stream6_IRQHandler                  0x080001b7   Thumb Code     0  startup_stm32f407xx.o(.text)
    DMA2_Stream7_IRQHandler                  0x080001b7   Thumb Code     0  startup_stm32f407xx.o(.text)
    ETH_IRQHandler                           0x080001b7   Thumb Code     0  startup_stm32f407xx.o(.text)
    ETH_WKUP_IRQHandler                      0x080001b7   Thumb Code     0  startup_stm32f407xx.o(.text)
    EXTI0_IRQHandler                         0x080001b7   Thumb Code     0  startup_stm32f407xx.o(.text)
    EXTI15_10_IRQHandler                     0x080001b7   Thumb Code     0  startup_stm32f407xx.o(.text)
    EXTI1_IRQHandler                         0x080001b7   Thumb Code     0  startup_stm32f407xx.o(.text)
    EXTI2_IRQHandler                         0x080001b7   Thumb Code     0  startup_stm32f407xx.o(.text)
    EXTI3_IRQHandler                         0x080001b7   Thumb Code     0  startup_stm32f407xx.o(.text)
    EXTI4_IRQHandler                         0x080001b7   Thumb Code     0  startup_stm32f407xx.o(.text)
    EXTI9_5_IRQHandler                       0x080001b7   Thumb Code     0  startup_stm32f407xx.o(.text)
    FLASH_IRQHandler                         0x080001b7   Thumb Code     0  startup_stm32f407xx.o(.text)
    FMC_IRQHandler                           0x080001b7   Thumb Code     0  startup_stm32f407xx.o(.text)
    FPU_IRQHandler                           0x080001b7   Thumb Code     0  startup_stm32f407xx.o(.text)
    HASH_RNG_IRQHandler                      0x080001b7   Thumb Code     0  startup_stm32f407xx.o(.text)
    I2C1_ER_IRQHandler                       0x080001b7   Thumb Code     0  startup_stm32f407xx.o(.text)
    I2C1_EV_IRQHandler                       0x080001b7   Thumb Code     0  startup_stm32f407xx.o(.text)
    I2C2_ER_IRQHandler                       0x080001b7   Thumb Code     0  startup_stm32f407xx.o(.text)
    I2C2_EV_IRQHandler                       0x080001b7   Thumb Code     0  startup_stm32f407xx.o(.text)
    I2C3_ER_IRQHandler                       0x080001b7   Thumb Code     0  startup_stm32f407xx.o(.text)
    I2C3_EV_IRQHandler                       0x080001b7   Thumb Code     0  startup_stm32f407xx.o(.text)
    OTG_FS_IRQHandler                        0x080001b7   Thumb Code     0  startup_stm32f407xx.o(.text)
    OTG_FS_WKUP_IRQHandler                   0x080001b7   Thumb Code     0  startup_stm32f407xx.o(.text)
    OTG_HS_EP1_IN_IRQHandler                 0x080001b7   Thumb Code     0  startup_stm32f407xx.o(.text)
    OTG_HS_EP1_OUT_IRQHandler                0x080001b7   Thumb Code     0  startup_stm32f407xx.o(.text)
    OTG_HS_IRQHandler                        0x080001b7   Thumb Code     0  startup_stm32f407xx.o(.text)
    OTG_HS_WKUP_IRQHandler                   0x080001b7   Thumb Code     0  startup_stm32f407xx.o(.text)
    PVD_IRQHandler                           0x080001b7   Thumb Code     0  startup_stm32f407xx.o(.text)
    RCC_IRQHandler                           0x080001b7   Thumb Code     0  startup_stm32f407xx.o(.text)
    RTC_WKUP_IRQHandler                      0x080001b7   Thumb Code     0  startup_stm32f407xx.o(.text)
    SDIO_IRQHandler                          0x080001b7   Thumb Code     0  startup_stm32f407xx.o(.text)
    SPI3_IRQHandler                          0x080001b7   Thumb Code     0  startup_stm32f407xx.o(.text)
    TAMP_STAMP_IRQHandler                    0x080001b7   Thumb Code     0  startup_stm32f407xx.o(.text)
    TIM1_BRK_TIM9_IRQHandler                 0x080001b7   Thumb Code     0  startup_stm32f407xx.o(.text)
    TIM1_CC_IRQHandler                       0x080001b7   Thumb Code     0  startup_stm32f407xx.o(.text)
    TIM1_TRG_COM_TIM11_IRQHandler            0x080001b7   Thumb Code     0  startup_stm32f407xx.o(.text)
    TIM1_UP_TIM10_IRQHandler                 0x080001b7   Thumb Code     0  startup_stm32f407xx.o(.text)
    TIM3_IRQHandler                          0x080001b7   Thumb Code     0  startup_stm32f407xx.o(.text)
    TIM4_IRQHandler                          0x080001b7   Thumb Code     0  startup_stm32f407xx.o(.text)
    TIM5_IRQHandler                          0x080001b7   Thumb Code     0  startup_stm32f407xx.o(.text)
    TIM6_DAC_IRQHandler                      0x080001b7   Thumb Code     0  startup_stm32f407xx.o(.text)
    TIM7_IRQHandler                          0x080001b7   Thumb Code     0  startup_stm32f407xx.o(.text)
    TIM8_BRK_TIM12_IRQHandler                0x080001b7   Thumb Code     0  startup_stm32f407xx.o(.text)
    TIM8_CC_IRQHandler                       0x080001b7   Thumb Code     0  startup_stm32f407xx.o(.text)
    TIM8_TRG_COM_TIM14_IRQHandler            0x080001b7   Thumb Code     0  startup_stm32f407xx.o(.text)
    TIM8_UP_TIM13_IRQHandler                 0x080001b7   Thumb Code     0  startup_stm32f407xx.o(.text)
    UART4_IRQHandler                         0x080001b7   Thumb Code     0  startup_stm32f407xx.o(.text)
    UART5_IRQHandler                         0x080001b7   Thumb Code     0  startup_stm32f407xx.o(.text)
    USART1_IRQHandler                        0x080001b7   Thumb Code     0  startup_stm32f407xx.o(.text)
    USART2_IRQHandler                        0x080001b7   Thumb Code     0  startup_stm32f407xx.o(.text)
    USART6_IRQHandler                        0x080001b7   Thumb Code     0  startup_stm32f407xx.o(.text)
    WWDG_IRQHandler                          0x080001b7   Thumb Code     0  startup_stm32f407xx.o(.text)
    arm_cmplx_mag_f32                        0x080001c1   Thumb Code   246  arm_cmplx_mag_f32.o(.text)
    arm_radix2_butterfly_f32                 0x080002bd   Thumb Code   344  arm_cfft_radix2_f32.o(.text)
    arm_radix2_butterfly_inverse_f32         0x08000415   Thumb Code   364  arm_cfft_radix2_f32.o(.text)
    arm_cfft_radix2_f32                      0x08000581   Thumb Code    60  arm_cfft_radix2_f32.o(.text)
    arm_cfft_radix2_init_f32                 0x080005bd   Thumb Code   230  arm_cfft_radix2_init_f32.o(.text)
    arm_max_f32                              0x080006f1   Thumb Code   216  arm_max_f32.o(.text)
    arm_min_f32                              0x080007c9   Thumb Code   216  arm_min_f32.o(.text)
    arm_rms_f32                              0x080008a1   Thumb Code   232  arm_rms_f32.o(.text)
    arm_bitreversal_f32                      0x0800098d   Thumb Code   178  arm_bitreversal.o(.text)
    arm_bitreversal_q31                      0x08000a3f   Thumb Code   170  arm_bitreversal.o(.text)
    arm_bitreversal_q15                      0x08000ae9   Thumb Code   122  arm_bitreversal.o(.text)
    __aeabi_uldivmod                         0x08000b63   Thumb Code    98  uldiv.o(.text)
    __aeabi_memcpy                           0x08000bc5   Thumb Code    36  memcpya.o(.text)
    __aeabi_memcpy4                          0x08000bc5   Thumb Code     0  memcpya.o(.text)
    __aeabi_memcpy8                          0x08000bc5   Thumb Code     0  memcpya.o(.text)
    strlen                                   0x08000be9   Thumb Code    14  strlen.o(.text)
    __aeabi_dadd                             0x08000bf7   Thumb Code   322  dadd.o(.text)
    __aeabi_dsub                             0x08000d39   Thumb Code     6  dadd.o(.text)
    __aeabi_drsub                            0x08000d3f   Thumb Code     6  dadd.o(.text)
    __aeabi_dmul                             0x08000d45   Thumb Code   228  dmul.o(.text)
    __aeabi_ddiv                             0x08000e29   Thumb Code   222  ddiv.o(.text)
    __aeabi_dcmple                           0x08000f07   Thumb Code    54  dcmple.o(.text)
    __aeabi_dcmplt                           0x08000f3d   Thumb Code    54  dcmplt.o(.text)
    __aeabi_dcmpge                           0x08000f73   Thumb Code    54  dcmpge.o(.text)
    __aeabi_dcmpgt                           0x08000fa9   Thumb Code    54  dcmpgt.o(.text)
    __aeabi_d2iz                             0x08000fdf   Thumb Code    62  dfixi.o(.text)
    __aeabi_f2d                              0x0800101d   Thumb Code    38  f2d.o(.text)
    __aeabi_d2f                              0x08001043   Thumb Code    56  d2f.o(.text)
    __aeabi_uidiv                            0x0800107b   Thumb Code     0  uidiv.o(.text)
    __aeabi_uidivmod                         0x0800107b   Thumb Code    44  uidiv.o(.text)
    __aeabi_llsl                             0x080010a7   Thumb Code    30  llshl.o(.text)
    _ll_shift_l                              0x080010a7   Thumb Code     0  llshl.o(.text)
    __aeabi_llsr                             0x080010c5   Thumb Code    32  llushr.o(.text)
    _ll_ushift_r                             0x080010c5   Thumb Code     0  llushr.o(.text)
    __aeabi_lasr                             0x080010e5   Thumb Code    36  llsshr.o(.text)
    _ll_sshift_r                             0x080010e5   Thumb Code     0  llsshr.o(.text)
    __I$use$fp                               0x08001109   Thumb Code     0  iusefp.o(.text)
    _float_round                             0x08001109   Thumb Code    18  fepilogue.o(.text)
    _float_epilogue                          0x0800111b   Thumb Code    92  fepilogue.o(.text)
    _double_round                            0x08001177   Thumb Code    30  depilogue.o(.text)
    _double_epilogue                         0x08001195   Thumb Code   156  depilogue.o(.text)
    _dsqrt                                   0x08001231   Thumb Code   162  dsqrt.o(.text)
    __aeabi_i2d                              0x080012d3   Thumb Code    34  dflti.o(.text)
    __aeabi_d2ulz                            0x080012f5   Thumb Code    48  dfixul.o(.text)
    __aeabi_cdcmpeq                          0x08001325   Thumb Code     0  cdcmple.o(.text)
    __aeabi_cdcmple                          0x08001325   Thumb Code    48  cdcmple.o(.text)
    __aeabi_cdrcmple                         0x08001355   Thumb Code    48  cdrcmple.o(.text)
    __scatterload                            0x08001385   Thumb Code    38  init.o(.text)
    __scatterload_rt2                        0x08001385   Thumb Code     0  init.o(.text)
    ADC_IRQHandler                           0x080013b9   Thumb Code  1476  stm32f4xx_it.o(.text.ADC_IRQHandler)
    ANN2                                     0x080019d1   Thumb Code  3592  main.o(.text.ANN2)
    BusFault_Handler                         0x08002851   Thumb Code     2  stm32f4xx_it.o(.text.BusFault_Handler)
    DMA1_Stream1_IRQHandler                  0x08002855   Thumb Code    12  stm32f4xx_it.o(.text.DMA1_Stream1_IRQHandler)
    DMA1_Stream3_IRQHandler                  0x08002861   Thumb Code    12  stm32f4xx_it.o(.text.DMA1_Stream3_IRQHandler)
    DMA2_Stream0_IRQHandler                  0x0800286d   Thumb Code    12  stm32f4xx_it.o(.text.DMA2_Stream0_IRQHandler)
    DMA2_Stream2_IRQHandler                  0x08002879   Thumb Code    12  stm32f4xx_it.o(.text.DMA2_Stream2_IRQHandler)
    DMA2_Stream4_IRQHandler                  0x08002885   Thumb Code    12  stm32f4xx_it.o(.text.DMA2_Stream4_IRQHandler)
    DebugMon_Handler                         0x08002891   Thumb Code     2  stm32f4xx_it.o(.text.DebugMon_Handler)
    Error_Handler                            0x08002895   Thumb Code     2  main.o(.text.Error_Handler)
    HAL_ADCEx_InjectedConvCpltCallback       0x08002899   Thumb Code     2  stm32f4xx_hal_adc_ex.o(.text.HAL_ADCEx_InjectedConvCpltCallback)
    HAL_ADC_ConfigChannel                    0x0800289d   Thumb Code   326  stm32f4xx_hal_adc.o(.text.HAL_ADC_ConfigChannel)
    HAL_ADC_ConvCpltCallback                 0x080029e5   Thumb Code     2  stm32f4xx_hal_adc.o(.text.HAL_ADC_ConvCpltCallback)
    HAL_ADC_ErrorCallback                    0x080029e9   Thumb Code     2  stm32f4xx_hal_adc.o(.text.HAL_ADC_ErrorCallback)
    HAL_ADC_GetValue                         0x080029ed   Thumb Code     6  stm32f4xx_hal_adc.o(.text.HAL_ADC_GetValue)
    HAL_ADC_IRQHandler                       0x080029f5   Thumb Code   326  stm32f4xx_hal_adc.o(.text.HAL_ADC_IRQHandler)
    HAL_ADC_Init                             0x08002b3d   Thumb Code   350  stm32f4xx_hal_adc.o(.text.HAL_ADC_Init)
    HAL_ADC_LevelOutOfWindowCallback         0x08002c9d   Thumb Code     2  stm32f4xx_hal_adc.o(.text.HAL_ADC_LevelOutOfWindowCallback)
    HAL_ADC_MspInit                          0x08002ca1   Thumb Code   456  adc.o(.text.HAL_ADC_MspInit)
    HAL_ADC_Start_IT                         0x08002e69   Thumb Code   258  stm32f4xx_hal_adc.o(.text.HAL_ADC_Start_IT)
    HAL_DMA_Abort_IT                         0x08002f6d   Thumb Code    36  stm32f4xx_hal_dma.o(.text.HAL_DMA_Abort_IT)
    HAL_DMA_IRQHandler                       0x08002f91   Thumb Code   448  stm32f4xx_hal_dma.o(.text.HAL_DMA_IRQHandler)
    HAL_DMA_Init                             0x08003151   Thumb Code   354  stm32f4xx_hal_dma.o(.text.HAL_DMA_Init)
    HAL_Delay                                0x080032b5   Thumb Code    40  stm32f4xx_hal.o(.text.HAL_Delay)
    HAL_GPIO_Init                            0x080032dd   Thumb Code   406  stm32f4xx_hal_gpio.o(.text.HAL_GPIO_Init)
    HAL_GPIO_WritePin                        0x08003475   Thumb Code    10  stm32f4xx_hal_gpio.o(.text.HAL_GPIO_WritePin)
    HAL_GetTick                              0x08003481   Thumb Code    12  stm32f4xx_hal.o(.text.HAL_GetTick)
    HAL_IncTick                              0x0800348d   Thumb Code    26  stm32f4xx_hal.o(.text.HAL_IncTick)
    HAL_Init                                 0x080034a9   Thumb Code    54  stm32f4xx_hal.o(.text.HAL_Init)
    HAL_InitTick                             0x080034e1   Thumb Code    72  stm32f4xx_hal.o(.text.HAL_InitTick)
    HAL_MspInit                              0x08003529   Thumb Code    56  stm32f4xx_hal_msp.o(.text.HAL_MspInit)
    HAL_NVIC_EnableIRQ                       0x08003561   Thumb Code    26  stm32f4xx_hal_cortex.o(.text.HAL_NVIC_EnableIRQ)
    HAL_NVIC_SetPriority                     0x0800357d   Thumb Code    86  stm32f4xx_hal_cortex.o(.text.HAL_NVIC_SetPriority)
    HAL_NVIC_SetPriorityGrouping             0x080035d5   Thumb Code    32  stm32f4xx_hal_cortex.o(.text.HAL_NVIC_SetPriorityGrouping)
    HAL_RCCEx_PeriphCLKConfig                0x080035f5   Thumb Code   330  stm32f4xx_hal_rcc_ex.o(.text.HAL_RCCEx_PeriphCLKConfig)
    HAL_RCC_ClockConfig                      0x08003741   Thumb Code   344  stm32f4xx_hal_rcc.o(.text.HAL_RCC_ClockConfig)
    HAL_RCC_GetPCLK1Freq                     0x08003899   Thumb Code    38  stm32f4xx_hal_rcc.o(.text.HAL_RCC_GetPCLK1Freq)
    HAL_RCC_GetPCLK2Freq                     0x080038c1   Thumb Code    38  stm32f4xx_hal_rcc.o(.text.HAL_RCC_GetPCLK2Freq)
    HAL_RCC_GetSysClockFreq                  0x080038e9   Thumb Code   108  stm32f4xx_hal_rcc.o(.text.HAL_RCC_GetSysClockFreq)
    HAL_RCC_OscConfig                        0x08003955   Thumb Code   848  stm32f4xx_hal_rcc.o(.text.HAL_RCC_OscConfig)
    HAL_RTCEx_AlarmBEventCallback            0x08003ca5   Thumb Code     2  stm32f4xx_hal_rtc_ex.o(.text.HAL_RTCEx_AlarmBEventCallback)
    HAL_RTC_AlarmAEventCallback              0x08003ca9   Thumb Code     2  stm32f4xx_hal_rtc.o(.text.HAL_RTC_AlarmAEventCallback)
    HAL_RTC_AlarmIRQHandler                  0x08003cad   Thumb Code   102  stm32f4xx_hal_rtc.o(.text.HAL_RTC_AlarmIRQHandler)
    HAL_RTC_Init                             0x08003d15   Thumb Code   220  stm32f4xx_hal_rtc.o(.text.HAL_RTC_Init)
    HAL_RTC_MspInit                          0x08003df1   Thumb Code    50  rtc.o(.text.HAL_RTC_MspInit)
    HAL_RTC_SetAlarm_IT                      0x08003e25   Thumb Code   668  stm32f4xx_hal_rtc.o(.text.HAL_RTC_SetAlarm_IT)
    HAL_RTC_SetDate                          0x080040c1   Thumb Code   332  stm32f4xx_hal_rtc.o(.text.HAL_RTC_SetDate)
    HAL_RTC_SetTime                          0x0800420d   Thumb Code   400  stm32f4xx_hal_rtc.o(.text.HAL_RTC_SetTime)
    HAL_SPI_ErrorCallback                    0x0800439d   Thumb Code     2  stm32f4xx_hal_spi.o(.text.HAL_SPI_ErrorCallback)
    HAL_SPI_IRQHandler                       0x080043a1   Thumb Code   280  stm32f4xx_hal_spi.o(.text.HAL_SPI_IRQHandler)
    HAL_SPI_Init                             0x080044b9   Thumb Code   116  stm32f4xx_hal_spi.o(.text.HAL_SPI_Init)
    HAL_SPI_MspInit                          0x0800452d   Thumb Code   212  spi.o(.text.HAL_SPI_MspInit)
    HAL_SPI_Receive                          0x08004601   Thumb Code   408  stm32f4xx_hal_spi.o(.text.HAL_SPI_Receive)
    HAL_SPI_Transmit                         0x08004799   Thumb Code   642  stm32f4xx_hal_spi.o(.text.HAL_SPI_Transmit)
    HAL_SPI_TransmitReceive                  0x08004a1d   Thumb Code   754  stm32f4xx_hal_spi.o(.text.HAL_SPI_TransmitReceive)
    HAL_SYSTICK_Config                       0x08004d11   Thumb Code    44  stm32f4xx_hal_cortex.o(.text.HAL_SYSTICK_Config)
    HAL_TIMEx_BreakCallback                  0x08004d3d   Thumb Code     2  stm32f4xx_hal_tim_ex.o(.text.HAL_TIMEx_BreakCallback)
    HAL_TIMEx_CommutationCallback            0x08004d41   Thumb Code     2  stm32f4xx_hal_tim_ex.o(.text.HAL_TIMEx_CommutationCallback)
    HAL_TIMEx_MasterConfigSynchronization    0x08004d45   Thumb Code    68  stm32f4xx_hal_tim_ex.o(.text.HAL_TIMEx_MasterConfigSynchronization)
    HAL_TIM_Base_Init                        0x08004d89   Thumb Code    54  stm32f4xx_hal_tim.o(.text.HAL_TIM_Base_Init)
    HAL_TIM_Base_MspInit                     0x08004dc1   Thumb Code   110  tim.o(.text.HAL_TIM_Base_MspInit)
    HAL_TIM_Base_Start                       0x08004e31   Thumb Code    28  stm32f4xx_hal_tim.o(.text.HAL_TIM_Base_Start)
    HAL_TIM_ConfigClockSource                0x08004e4d   Thumb Code   474  stm32f4xx_hal_tim.o(.text.HAL_TIM_ConfigClockSource)
    HAL_TIM_IC_CaptureCallback               0x08005029   Thumb Code     2  stm32f4xx_hal_tim.o(.text.HAL_TIM_IC_CaptureCallback)
    HAL_TIM_IRQHandler                       0x0800502d   Thumb Code   368  stm32f4xx_hal_tim.o(.text.HAL_TIM_IRQHandler)
    HAL_TIM_OC_DelayElapsedCallback          0x0800519d   Thumb Code     2  stm32f4xx_hal_tim.o(.text.HAL_TIM_OC_DelayElapsedCallback)
    HAL_TIM_PWM_PulseFinishedCallback        0x080051a1   Thumb Code     2  stm32f4xx_hal_tim.o(.text.HAL_TIM_PWM_PulseFinishedCallback)
    HAL_TIM_PeriodElapsedCallback            0x080051a5   Thumb Code     2  stm32f4xx_hal_tim.o(.text.HAL_TIM_PeriodElapsedCallback)
    HAL_TIM_TriggerCallback                  0x080051a9   Thumb Code     2  stm32f4xx_hal_tim.o(.text.HAL_TIM_TriggerCallback)
    HAL_UART_ErrorCallback                   0x080051ad   Thumb Code     2  stm32f4xx_hal_uart.o(.text.HAL_UART_ErrorCallback)
    HAL_UART_IRQHandler                      0x080051b1   Thumb Code   606  stm32f4xx_hal_uart.o(.text.HAL_UART_IRQHandler)
    HAL_UART_Init                            0x08005411   Thumb Code    94  stm32f4xx_hal_uart.o(.text.HAL_UART_Init)
    HAL_UART_MspInit                         0x08005471   Thumb Code   252  usart.o(.text.HAL_UART_MspInit)
    HAL_UART_Receive                         0x0800556d   Thumb Code   334  stm32f4xx_hal_uart.o(.text.HAL_UART_Receive)
    HAL_UART_RxCpltCallback                  0x080056bd   Thumb Code     2  stm32f4xx_hal_uart.o(.text.HAL_UART_RxCpltCallback)
    HAL_UART_Transmit                        0x080056c1   Thumb Code   390  stm32f4xx_hal_uart.o(.text.HAL_UART_Transmit)
    HAL_UART_TxCpltCallback                  0x08005849   Thumb Code     2  stm32f4xx_hal_uart.o(.text.HAL_UART_TxCpltCallback)
    HardFault_Handler                        0x0800584d   Thumb Code     2  stm32f4xx_it.o(.text.HardFault_Handler)
    Home_Display                             0x08005851   Thumb Code   972  main.o(.text.Home_Display)
    ILI9341_DrawPixel                        0x08005cc9   Thumb Code   128  my_ili9341.o(.text.ILI9341_DrawPixel)
    ILI9341_Fill                             0x08005d49   Thumb Code   198  my_ili9341.o(.text.ILI9341_Fill)
    ILI9341_Fill_Rect                        0x08005e11   Thumb Code   176  my_ili9341.o(.text.ILI9341_Fill_Rect)
    ILI9341_Init                             0x08005ec1   Thumb Code  2040  my_ili9341.o(.text.ILI9341_Init)
    ILI9341_SetCursorPosition                0x080066b9   Thumb Code   574  my_ili9341.o(.text.ILI9341_SetCursorPosition)
    ILI9341_drawChar                         0x080068f9   Thumb Code   702  my_ili9341.o(.text.ILI9341_drawChar)
    ILI9341_drawLine                         0x08006bb9   Thumb Code   192  my_ili9341.o(.text.ILI9341_drawLine)
    ILI9341_getRotation                      0x08006c79   Thumb Code    12  my_ili9341.o(.text.ILI9341_getRotation)
    ILI9341_printText                        0x08006c85   Thumb Code    74  my_ili9341.o(.text.ILI9341_printText)
    ILI9341_setRotation                      0x08006cd1   Thumb Code   574  my_ili9341.o(.text.ILI9341_setRotation)
    Load_Conditioning2                       0x08006f11   Thumb Code  1472  main.o(.text.Load_Conditioning2)
    Load_Display                             0x08007521   Thumb Code   312  main.o(.text.Load_Display)
    MX_ADC1_Init                             0x080076f5   Thumb Code   110  adc.o(.text.MX_ADC1_Init)
    MX_ADC2_Init                             0x08007765   Thumb Code   110  adc.o(.text.MX_ADC2_Init)
    MX_ADC3_Init                             0x080077d5   Thumb Code   110  adc.o(.text.MX_ADC3_Init)
    MX_DMA_Init                              0x08007845   Thumb Code   140  dma.o(.text.MX_DMA_Init)
    MX_GPIO_Init                             0x080078d1   Thumb Code   224  gpio.o(.text.MX_GPIO_Init)
    MX_RTC_Init                              0x080079b1   Thumb Code   110  rtc.o(.text.MX_RTC_Init)
    MX_SPI1_Init                             0x08007a21   Thumb Code    70  spi.o(.text.MX_SPI1_Init)
    MX_SPI2_Init                             0x08007a69   Thumb Code    76  spi.o(.text.MX_SPI2_Init)
    MX_TIM2_Init                             0x08007ab5   Thumb Code   110  tim.o(.text.MX_TIM2_Init)
    MX_TIM3_Init                             0x08007b25   Thumb Code   114  tim.o(.text.MX_TIM3_Init)
    MX_USART3_UART_Init                      0x08007b99   Thumb Code    60  usart.o(.text.MX_USART3_UART_Init)
    MemManage_Handler                        0x08007bd5   Thumb Code     2  stm32f4xx_it.o(.text.MemManage_Handler)
    NMI_Handler                              0x08007bd9   Thumb Code     2  stm32f4xx_it.o(.text.NMI_Handler)
    PendSV_Handler                           0x08007bdd   Thumb Code     2  stm32f4xx_it.o(.text.PendSV_Handler)
    RTC_Alarm_IRQHandler                     0x08007be1   Thumb Code    12  stm32f4xx_it.o(.text.RTC_Alarm_IRQHandler)
    RecordData                               0x08007bed   Thumb Code   420  main.o(.text.RecordData)
    SPI1_IRQHandler                          0x08007da5   Thumb Code    12  stm32f4xx_it.o(.text.SPI1_IRQHandler)
    SPI2_IRQHandler                          0x08007db1   Thumb Code    12  stm32f4xx_it.o(.text.SPI2_IRQHandler)
    SVC_Handler                              0x08007dc9   Thumb Code     2  stm32f4xx_it.o(.text.SVC_Handler)
    Spectrum_Calculation                     0x08007dd1   Thumb Code  1216  main.o(.text.Spectrum_Calculation)
    Spectrum_Display                         0x080082a5   Thumb Code  1352  main.o(.text.Spectrum_Display)
    SysTick_Handler                          0x080088c1   Thumb Code     4  stm32f4xx_it.o(.text.SysTick_Handler)
    SystemInit                               0x080088c5   Thumb Code    86  system_stm32f4xx.o(.text.SystemInit)
    TIM2_IRQHandler                          0x0800891d   Thumb Code    12  stm32f4xx_it.o(.text.TIM2_IRQHandler)
    TIM_Base_SetConfig                       0x08008929   Thumb Code   304  stm32f4xx_hal_tim.o(.text.TIM_Base_SetConfig)
    TSC2046_Begin                            0x08008a59   Thumb Code    46  tsc2046.o(.text.TSC2046_Begin)
    TSC2046_GetRawTouch                      0x08008a89   Thumb Code   758  tsc2046.o(.text.TSC2046_GetRawTouch)
    TSC2046_GetTouchData                     0x08008d81   Thumb Code   210  tsc2046.o(.text.TSC2046_GetTouchData)
    USART3_IRQHandler                        0x080090b9   Thumb Code    12  stm32f4xx_it.o(.text.USART3_IRQHandler)
    UsageFault_Handler                       0x080090c5   Thumb Code     2  stm32f4xx_it.o(.text.UsageFault_Handler)
    main                                     0x080090c9   Thumb Code  1392  main.o(.text.main)
    __0sprintf                               0x08009661   Thumb Code    34  printfa.o(i.__0sprintf)
    __1sprintf                               0x08009661   Thumb Code     0  printfa.o(i.__0sprintf)
    __2sprintf                               0x08009661   Thumb Code     0  printfa.o(i.__0sprintf)
    __c89sprintf                             0x08009661   Thumb Code     0  printfa.o(i.__0sprintf)
    sprintf                                  0x08009661   Thumb Code     0  printfa.o(i.__0sprintf)
    __ARM_fpclassify                         0x08009689   Thumb Code    48  fpclassify.o(i.__ARM_fpclassify)
    __hardfp_exp                             0x080096b9   Thumb Code   714  exp.o(i.__hardfp_exp)
    __hardfp_sqrt                            0x08009a11   Thumb Code   122  sqrt.o(i.__hardfp_sqrt)
    __kernel_poly                            0x08009a8b   Thumb Code   248  poly.o(i.__kernel_poly)
    __mathlib_dbl_infnan                     0x08009b83   Thumb Code    20  dunder.o(i.__mathlib_dbl_infnan)
    __mathlib_dbl_overflow                   0x08009b99   Thumb Code    24  dunder.o(i.__mathlib_dbl_overflow)
    __mathlib_dbl_underflow                  0x08009bb9   Thumb Code    24  dunder.o(i.__mathlib_dbl_underflow)
    __scatterload_copy                       0x08009bd9   Thumb Code    14  handlers.o(i.__scatterload_copy)
    __scatterload_null                       0x08009be7   Thumb Code     2  handlers.o(i.__scatterload_null)
    __scatterload_zeroinit                   0x08009be9   Thumb Code    14  handlers.o(i.__scatterload_zeroinit)
    __set_errno                              0x08009bf9   Thumb Code     6  errno.o(i.__set_errno)
    armBitRevTable                           0x0800a4c0   Data        2048  arm_common_tables.o(.constdata)
    twiddleCoef_4096                         0x0800acc0   Data       32768  arm_common_tables.o(.constdata)
    AHBPrescTable                            0x08012d18   Data          16  system_stm32f4xx.o(.rodata.AHBPrescTable)
    APBPrescTable                            0x08012d28   Data           8  system_stm32f4xx.o(.rodata.APBPrescTable)
    Region$$Table$$Base                      0x08013310   Number         0  anon$$obj.o(Region$$Table)
    Region$$Table$$Limit                     0x08013330   Number         0  anon$$obj.o(Region$$Table)
    uwTickFreq                               0x20000004   Data           1  stm32f4xx_hal.o(.data..L_MergedGlobals)
    uwTickPrio                               0x20000008   Data           4  stm32f4xx_hal.o(.data..L_MergedGlobals)
    SystemCoreClock                          0x2000000c   Data           4  system_stm32f4xx.o(.data.SystemCoreClock)
    blockSize                                0x20000010   Data           4  main.o(.data.blockSize)
    dis                                      0x20000014   Data           4  main.o(.data.dis)
    a                                        0x20000020   Data           4  main.o(.bss..L_MergedGlobals)
    b                                        0x20000024   Data           4  main.o(.bss..L_MergedGlobals)
    rc                                       0x20000028   Data           4  main.o(.bss..L_MergedGlobals)
    rca                                      0x2000002c   Data           4  main.o(.bss..L_MergedGlobals)
    Power                                    0x20000030   Data           4  main.o(.bss..L_MergedGlobals)
    Current                                  0x20000034   Data           4  main.o(.bss..L_MergedGlobals)
    SpecMax                                  0x20000038   Data           4  main.o(.bss..L_MergedGlobals)
    Wh                                       0x2000003c   Data           4  main.o(.bss..L_MergedGlobals)
    oe                                       0x20000040   Data           4  main.o(.bss..L_MergedGlobals)
    SpecIndex                                0x20000044   Data           4  main.o(.bss..L_MergedGlobals)
    SpecMin                                  0x20000048   Data           4  main.o(.bss..L_MergedGlobals)
    wazz                                     0x2000004c   Data           6  main.o(.bss..L_MergedGlobals)
    denom                                    0x20000058   Data           8  main.o(.bss..L_MergedGlobals)
    nrms                                     0x20000060   Data           8  main.o(.bss..L_MergedGlobals)
    nh1                                      0x20000068   Data           8  main.o(.bss..L_MergedGlobals)
    nh3                                      0x20000070   Data           8  main.o(.bss..L_MergedGlobals)
    nh5                                      0x20000078   Data           8  main.o(.bss..L_MergedGlobals)
    nh7                                      0x20000080   Data           8  main.o(.bss..L_MergedGlobals)
    nh9                                      0x20000088   Data           8  main.o(.bss..L_MergedGlobals)
    hrtc                                     0x20000090   Data          32  rtc.o(.bss..L_MergedGlobals)
    sAlarm                                   0x200000b0   Data          40  rtc.o(.bss..L_MergedGlobals)
    LAYER2                                   0x20000178   Data          16  main.o(.bss..L_MergedGlobals.78)
    TANSIG                                   0x20000188   Data          16  main.o(.bss..L_MergedGlobals.78)
    P                                        0x20000198   Data          28  main.o(.bss..L_MergedGlobals.78)
    THDi                                     0x200001b4   Data          28  main.o(.bss..L_MergedGlobals.78)
    rx_buffer                                0x200001d0   Data          50  main.o(.bss..L_MergedGlobals.79)
    tx_buffer                                0x20000202   Data          50  main.o(.bss..L_MergedGlobals.79)
    textI                                    0x20000234   Data          50  main.o(.bss..L_MergedGlobals.80)
    textI1                                   0x20000266   Data          50  main.o(.bss..L_MergedGlobals.80)
    textI2                                   0x20000298   Data          50  main.o(.bss..L_MergedGlobals.81)
    textI3                                   0x200002ca   Data          50  main.o(.bss..L_MergedGlobals.81)
    textI4                                   0x200002fc   Data          50  main.o(.bss..L_MergedGlobals.82)
    textV                                    0x2000032e   Data          50  main.o(.bss..L_MergedGlobals.82)
    Spec                                     0x20000360   Data          60  main.o(.bss..L_MergedGlobals.83)
    Speci                                    0x2000039c   Data          60  main.o(.bss..L_MergedGlobals.83)
    Ars                                      0x200003d8   Data         100  main.o(.bss.Ars)
    Eng                                      0x2000043c   Data         100  main.o(.bss.Eng)
    IPOWER                                   0x200004a0   Data         512  main.o(.bss.IPOWER)
    I_CAL                                    0x200006a0   Data         256  main.o(.bss.I_CAL)
    Ifft                                     0x200007a0   Data         512  main.o(.bss.Ifft)
    IrmsFFT                                  0x200009a0   Data           4  main.o(.bss.IrmsFFT)
    Irms_fft                                 0x200009a4   Data         256  main.o(.bss.Irms_fft)
    Irmsrms                                  0x20000aa4   Data           4  main.o(.bss.Irmsrms)
    Irmsrmsfft                               0x20000aa8   Data           4  main.o(.bss.Irmsrmsfft)
    LAYER1                                   0x20000ab0   Data          80  main.o(.bss.LAYER1)
    LOGSIG                                   0x20000b00   Data          80  main.o(.bss.LOGSIG)
    OutputIfft                               0x20000b50   Data         256  main.o(.bss.OutputIfft)
    OutputVfft                               0x20000c50   Data         256  main.o(.bss.OutputVfft)
    Pow                                      0x20000d50   Data         100  main.o(.bss.Pow)
    Radix2                                   0x20000db4   Data          20  main.o(.bss.Radix2)
    S                                        0x20000dc8   Data           4  main.o(.bss.S)
    TampilI                                  0x20000dd0   Data         512  main.o(.bss.TampilI)
    TampilV                                  0x20000fd0   Data         512  main.o(.bss.TampilV)
    Teg                                      0x200011d0   Data         100  main.o(.bss.Teg)
    VPOWER                                   0x20001234   Data         512  main.o(.bss.VPOWER)
    Vfft                                     0x20001434   Data         512  main.o(.bss.Vfft)
    VrmsFFT                                  0x20001634   Data           4  main.o(.bss.VrmsFFT)
    Vrms_fft                                 0x20001638   Data         256  main.o(.bss.Vrms_fft)
    Vrmsrms                                  0x20001738   Data           4  main.o(.bss.Vrmsrms)
    Vrmsrmsfft                               0x2000173c   Data           4  main.o(.bss.Vrmsrmsfft)
    hadc1                                    0x20001740   Data          72  adc.o(.bss.hadc1)
    hadc2                                    0x20001788   Data          72  adc.o(.bss.hadc2)
    hadc3                                    0x200017d0   Data          72  adc.o(.bss.hadc3)
    hdma_adc1                                0x20001818   Data          96  adc.o(.bss.hdma_adc1)
    hdma_adc2                                0x20001878   Data          96  adc.o(.bss.hdma_adc2)
    hdma_adc3                                0x200018d8   Data          96  adc.o(.bss.hdma_adc3)
    hdma_usart3_rx                           0x20001938   Data          96  usart.o(.bss.hdma_usart3_rx)
    hdma_usart3_tx                           0x20001998   Data          96  usart.o(.bss.hdma_usart3_tx)
    hspi1                                    0x200019f8   Data          88  spi.o(.bss.hspi1)
    hspi2                                    0x20001a50   Data          88  spi.o(.bss.hspi2)
    htim2                                    0x20001aa8   Data          60  tim.o(.bss.htim2)
    htim3                                    0x20001ae4   Data          60  tim.o(.bss.htim3)
    huart3                                   0x20001b20   Data          64  usart.o(.bss.huart3)
    i                                        0x20001b60   Data           4  main.o(.bss.i)
    offset                                   0x20001b64   Data           4  main.o(.bss.offset)
    pResultIrms                              0x20001b68   Data           4  main.o(.bss.pResultIrms)
    pResultVrms                              0x20001b6c   Data           4  main.o(.bss.pResultVrms)
    pSrcI                                    0x20001b70   Data         260  main.o(.bss.pSrcI)
    pSrcV                                    0x20001c74   Data         260  main.o(.bss.pSrcV)
    pp                                       0x20001d78   Data           4  main.o(.bss.pp)
    sDate                                    0x20001d7c   Data           4  rtc.o(.bss.sDate)
    sTime                                    0x20001d80   Data          20  rtc.o(.bss.sTime)
    uwTick                                   0x20001dec   Data           4  stm32f4xx_hal.o(.bss.uwTick)
    watthour                                 0x20001df0   Data         512  main.o(.bss.watthour)
    __initial_sp                             0x200023f0   Data           0  startup_stm32f407xx.o(STACK)



==============================================================================

Memory Map of the image

  Image Entry point : 0x08000189

  Load Region LR_IROM1 (Base: 0x08000000, Size: 0x00013350, Max: 0x00100000, ABSOLUTE)

    Execution Region ER_IROM1 (Exec base: 0x08000000, Load base: 0x08000000, Size: 0x00013330, Max: 0x00100000, ABSOLUTE)

    Exec Addr    Load Addr    Size         Type   Attr      Idx    E Section Name        Object

    0x08000000   0x08000000   0x00000188   Data   RO            3    RESET               startup_stm32f407xx.o
    0x08000188   0x08000188   0x00000000   Code   RO         1749  * .ARM.Collect$$$$00000000  mc_w.l(entry.o)
    0x08000188   0x08000188   0x00000004   Code   RO         2061    .ARM.Collect$$$$00000001  mc_w.l(entry2.o)
    0x0800018c   0x0800018c   0x00000004   Code   RO         2064    .ARM.Collect$$$$00000004  mc_w.l(entry5.o)
    0x08000190   0x08000190   0x00000000   Code   RO         2066    .ARM.Collect$$$$00000008  mc_w.l(entry7b.o)
    0x08000190   0x08000190   0x00000000   Code   RO         2068    .ARM.Collect$$$$0000000A  mc_w.l(entry8b.o)
    0x08000190   0x08000190   0x00000008   Code   RO         2069    .ARM.Collect$$$$0000000B  mc_w.l(entry9a.o)
    0x08000198   0x08000198   0x00000000   Code   RO         2071    .ARM.Collect$$$$0000000D  mc_w.l(entry10a.o)
    0x08000198   0x08000198   0x00000000   Code   RO         2073    .ARM.Collect$$$$0000000F  mc_w.l(entry11a.o)
    0x08000198   0x08000198   0x00000004   Code   RO         2062    .ARM.Collect$$$$00002712  mc_w.l(entry2.o)
    0x0800019c   0x0800019c   0x00000024   Code   RO            4    .text               startup_stm32f407xx.o
    0x080001c0   0x080001c0   0x000000fc   Code   RO         1453    .text               arm_cortexM4lf_math.lib(arm_cmplx_mag_f32.o)
    0x080002bc   0x080002bc   0x00000300   Code   RO         1506    .text               arm_cortexM4lf_math.lib(arm_cfft_radix2_f32.o)
    0x080005bc   0x080005bc   0x00000134   Code   RO         1533    .text               arm_cortexM4lf_math.lib(arm_cfft_radix2_init_f32.o)
    0x080006f0   0x080006f0   0x000000d8   Code   RO         1561    .text               arm_cortexM4lf_math.lib(arm_max_f32.o)
    0x080007c8   0x080007c8   0x000000d8   Code   RO         1585    .text               arm_cortexM4lf_math.lib(arm_min_f32.o)
    0x080008a0   0x080008a0   0x000000ec   Code   RO         1609    .text               arm_cortexM4lf_math.lib(arm_rms_f32.o)
    0x0800098c   0x0800098c   0x000001d6   Code   RO         1633    .text               arm_cortexM4lf_math.lib(arm_bitreversal.o)
    0x08000b62   0x08000b62   0x00000062   Code   RO         1752    .text               mc_w.l(uldiv.o)
    0x08000bc4   0x08000bc4   0x00000024   Code   RO         1754    .text               mc_w.l(memcpya.o)
    0x08000be8   0x08000be8   0x0000000e   Code   RO         1756    .text               mc_w.l(strlen.o)
    0x08000bf6   0x08000bf6   0x0000014e   Code   RO         2021    .text               mf_w.l(dadd.o)
    0x08000d44   0x08000d44   0x000000e4   Code   RO         2023    .text               mf_w.l(dmul.o)
    0x08000e28   0x08000e28   0x000000de   Code   RO         2025    .text               mf_w.l(ddiv.o)
    0x08000f06   0x08000f06   0x00000036   Code   RO         2027    .text               mf_w.l(dcmple.o)
    0x08000f3c   0x08000f3c   0x00000036   Code   RO         2029    .text               mf_w.l(dcmplt.o)
    0x08000f72   0x08000f72   0x00000036   Code   RO         2031    .text               mf_w.l(dcmpge.o)
    0x08000fa8   0x08000fa8   0x00000036   Code   RO         2033    .text               mf_w.l(dcmpgt.o)
    0x08000fde   0x08000fde   0x0000003e   Code   RO         2037    .text               mf_w.l(dfixi.o)
    0x0800101c   0x0800101c   0x00000026   Code   RO         2039    .text               mf_w.l(f2d.o)
    0x08001042   0x08001042   0x00000038   Code   RO         2041    .text               mf_w.l(d2f.o)
    0x0800107a   0x0800107a   0x0000002c   Code   RO         2089    .text               mc_w.l(uidiv.o)
    0x080010a6   0x080010a6   0x0000001e   Code   RO         2091    .text               mc_w.l(llshl.o)
    0x080010c4   0x080010c4   0x00000020   Code   RO         2093    .text               mc_w.l(llushr.o)
    0x080010e4   0x080010e4   0x00000024   Code   RO         2095    .text               mc_w.l(llsshr.o)
    0x08001108   0x08001108   0x00000000   Code   RO         2104    .text               mc_w.l(iusefp.o)
    0x08001108   0x08001108   0x0000006e   Code   RO         2105    .text               mf_w.l(fepilogue.o)
    0x08001176   0x08001176   0x000000ba   Code   RO         2107    .text               mf_w.l(depilogue.o)
    0x08001230   0x08001230   0x000000a2   Code   RO         2109    .text               mf_w.l(dsqrt.o)
    0x080012d2   0x080012d2   0x00000022   Code   RO         2111    .text               mf_w.l(dflti.o)
    0x080012f4   0x080012f4   0x00000030   Code   RO         2113    .text               mf_w.l(dfixul.o)
    0x08001324   0x08001324   0x00000030   Code   RO         2115    .text               mf_w.l(cdcmple.o)
    0x08001354   0x08001354   0x00000030   Code   RO         2117    .text               mf_w.l(cdrcmple.o)
    0x08001384   0x08001384   0x00000030   Code   RO         2119    .text               mc_w.l(init.o)
    0x080013b4   0x080013b4   0x00000004   PAD
    0x080013b8   0x080013b8   0x00000614   Code   RO          254    .text.ADC_IRQHandler  stm32f4xx_it.o
    0x080019cc   0x080019cc   0x00000004   PAD
    0x080019d0   0x080019d0   0x00000e80   Code   RO           39    .text.ANN2          main.o
    0x08002850   0x08002850   0x00000002   Code   RO          238    .text.BusFault_Handler  stm32f4xx_it.o
    0x08002852   0x08002852   0x00000002   PAD
    0x08002854   0x08002854   0x0000000c   Code   RO          250    .text.DMA1_Stream1_IRQHandler  stm32f4xx_it.o
    0x08002860   0x08002860   0x0000000c   Code   RO          252    .text.DMA1_Stream3_IRQHandler  stm32f4xx_it.o
    0x0800286c   0x0800286c   0x0000000c   Code   RO          266    .text.DMA2_Stream0_IRQHandler  stm32f4xx_it.o
    0x08002878   0x08002878   0x0000000c   Code   RO          268    .text.DMA2_Stream2_IRQHandler  stm32f4xx_it.o
    0x08002884   0x08002884   0x0000000c   Code   RO          270    .text.DMA2_Stream4_IRQHandler  stm32f4xx_it.o
    0x08002890   0x08002890   0x00000002   Code   RO          244    .text.DebugMon_Handler  stm32f4xx_it.o
    0x08002892   0x08002892   0x00000002   PAD
    0x08002894   0x08002894   0x00000002   Code   RO           45    .text.Error_Handler  main.o
    0x08002896   0x08002896   0x00000002   PAD
    0x08002898   0x08002898   0x00000002   Code   RO          453    .text.HAL_ADCEx_InjectedConvCpltCallback  stm32f4xx_hal_adc_ex.o
    0x0800289a   0x0800289a   0x00000002   PAD
    0x0800289c   0x0800289c   0x00000146   Code   RO          413    .text.HAL_ADC_ConfigChannel  stm32f4xx_hal_adc.o
    0x080029e2   0x080029e2   0x00000002   PAD
    0x080029e4   0x080029e4   0x00000002   Code   RO          393    .text.HAL_ADC_ConvCpltCallback  stm32f4xx_hal_adc.o
    0x080029e6   0x080029e6   0x00000002   PAD
    0x080029e8   0x080029e8   0x00000002   Code   RO          397    .text.HAL_ADC_ErrorCallback  stm32f4xx_hal_adc.o
    0x080029ea   0x080029ea   0x00000002   PAD
    0x080029ec   0x080029ec   0x00000006   Code   RO          409    .text.HAL_ADC_GetValue  stm32f4xx_hal_adc.o
    0x080029f2   0x080029f2   0x00000002   PAD
    0x080029f4   0x080029f4   0x00000146   Code   RO          391    .text.HAL_ADC_IRQHandler  stm32f4xx_hal_adc.o
    0x08002b3a   0x08002b3a   0x00000002   PAD
    0x08002b3c   0x08002b3c   0x0000015e   Code   RO          371    .text.HAL_ADC_Init  stm32f4xx_hal_adc.o
    0x08002c9a   0x08002c9a   0x00000002   PAD
    0x08002c9c   0x08002c9c   0x00000002   Code   RO          395    .text.HAL_ADC_LevelOutOfWindowCallback  stm32f4xx_hal_adc.o
    0x08002c9e   0x08002c9e   0x00000002   PAD
    0x08002ca0   0x08002ca0   0x000001c8   Code   RO          135    .text.HAL_ADC_MspInit  adc.o
    0x08002e68   0x08002e68   0x00000102   Code   RO          387    .text.HAL_ADC_Start_IT  stm32f4xx_hal_adc.o
    0x08002f6a   0x08002f6a   0x00000002   PAD
    0x08002f6c   0x08002f6c   0x00000024   Code   RO         1247    .text.HAL_DMA_Abort_IT  stm32f4xx_hal_dma.o
    0x08002f90   0x08002f90   0x000001c0   Code   RO         1251    .text.HAL_DMA_IRQHandler  stm32f4xx_hal_dma.o
    0x08003150   0x08003150   0x00000162   Code   RO         1237    .text.HAL_DMA_Init  stm32f4xx_hal_dma.o
    0x080032b2   0x080032b2   0x00000002   PAD
    0x080032b4   0x080032b4   0x00000028   Code   RO         1396    .text.HAL_Delay     stm32f4xx_hal.o
    0x080032dc   0x080032dc   0x00000196   Code   RO         1199    .text.HAL_GPIO_Init  stm32f4xx_hal_gpio.o
    0x08003472   0x08003472   0x00000002   PAD
    0x08003474   0x08003474   0x0000000a   Code   RO         1205    .text.HAL_GPIO_WritePin  stm32f4xx_hal_gpio.o
    0x0800347e   0x0800347e   0x00000002   PAD
    0x08003480   0x08003480   0x0000000c   Code   RO         1388    .text.HAL_GetTick   stm32f4xx_hal.o
    0x0800348c   0x0800348c   0x0000001a   Code   RO         1386    .text.HAL_IncTick   stm32f4xx_hal.o
    0x080034a6   0x080034a6   0x00000002   PAD
    0x080034a8   0x080034a8   0x00000036   Code   RO         1376    .text.HAL_Init      stm32f4xx_hal.o
    0x080034de   0x080034de   0x00000002   PAD
    0x080034e0   0x080034e0   0x00000048   Code   RO         1378    .text.HAL_InitTick  stm32f4xx_hal.o
    0x08003528   0x08003528   0x00000038   Code   RO          279    .text.HAL_MspInit   stm32f4xx_hal_msp.o
    0x08003560   0x08003560   0x0000001a   Code   RO         1336    .text.HAL_NVIC_EnableIRQ  stm32f4xx_hal_cortex.o
    0x0800357a   0x0800357a   0x00000002   PAD
    0x0800357c   0x0800357c   0x00000056   Code   RO         1334    .text.HAL_NVIC_SetPriority  stm32f4xx_hal_cortex.o
    0x080035d2   0x080035d2   0x00000002   PAD
    0x080035d4   0x080035d4   0x00000020   Code   RO         1332    .text.HAL_NVIC_SetPriorityGrouping  stm32f4xx_hal_cortex.o
    0x080035f4   0x080035f4   0x0000014a   Code   RO         1125    .text.HAL_RCCEx_PeriphCLKConfig  stm32f4xx_hal_rcc_ex.o
    0x0800373e   0x0800373e   0x00000002   PAD
    0x08003740   0x08003740   0x00000158   Code   RO         1093    .text.HAL_RCC_ClockConfig  stm32f4xx_hal_rcc.o
    0x08003898   0x08003898   0x00000026   Code   RO         1105    .text.HAL_RCC_GetPCLK1Freq  stm32f4xx_hal_rcc.o
    0x080038be   0x080038be   0x00000002   PAD
    0x080038c0   0x080038c0   0x00000026   Code   RO         1107    .text.HAL_RCC_GetPCLK2Freq  stm32f4xx_hal_rcc.o
    0x080038e6   0x080038e6   0x00000002   PAD
    0x080038e8   0x080038e8   0x0000006c   Code   RO         1095    .text.HAL_RCC_GetSysClockFreq  stm32f4xx_hal_rcc.o
    0x08003954   0x08003954   0x00000350   Code   RO         1091    .text.HAL_RCC_OscConfig  stm32f4xx_hal_rcc.o
    0x08003ca4   0x08003ca4   0x00000002   Code   RO          581    .text.HAL_RTCEx_AlarmBEventCallback  stm32f4xx_hal_rtc_ex.o
    0x08003ca6   0x08003ca6   0x00000002   PAD
    0x08003ca8   0x08003ca8   0x00000002   Code   RO          501    .text.HAL_RTC_AlarmAEventCallback  stm32f4xx_hal_rtc.o
    0x08003caa   0x08003caa   0x00000002   PAD
    0x08003cac   0x08003cac   0x00000066   Code   RO          499    .text.HAL_RTC_AlarmIRQHandler  stm32f4xx_hal_rtc.o
    0x08003d12   0x08003d12   0x00000002   PAD
    0x08003d14   0x08003d14   0x000000dc   Code   RO          467    .text.HAL_RTC_Init  stm32f4xx_hal_rtc.o
    0x08003df0   0x08003df0   0x00000032   Code   RO          164    .text.HAL_RTC_MspInit  rtc.o
    0x08003e22   0x08003e22   0x00000002   PAD
    0x08003e24   0x08003e24   0x0000029c   Code   RO          493    .text.HAL_RTC_SetAlarm_IT  stm32f4xx_hal_rtc.o
    0x080040c0   0x080040c0   0x0000014c   Code   RO          487    .text.HAL_RTC_SetDate  stm32f4xx_hal_rtc.o
    0x0800420c   0x0800420c   0x00000190   Code   RO          479    .text.HAL_RTC_SetTime  stm32f4xx_hal_rtc.o
    0x0800439c   0x0800439c   0x00000002   Code   RO          673    .text.HAL_SPI_ErrorCallback  stm32f4xx_hal_spi.o
    0x0800439e   0x0800439e   0x00000002   PAD
    0x080043a0   0x080043a0   0x00000118   Code   RO          669    .text.HAL_SPI_IRQHandler  stm32f4xx_hal_spi.o
    0x080044b8   0x080044b8   0x00000074   Code   RO          593    .text.HAL_SPI_Init  stm32f4xx_hal_spi.o
    0x0800452c   0x0800452c   0x000000d4   Code   RO          183    .text.HAL_SPI_MspInit  spi.o
    0x08004600   0x08004600   0x00000198   Code   RO          603    .text.HAL_SPI_Receive  stm32f4xx_hal_spi.o
    0x08004798   0x08004798   0x00000282   Code   RO          601    .text.HAL_SPI_Transmit  stm32f4xx_hal_spi.o
    0x08004a1a   0x08004a1a   0x00000002   PAD
    0x08004a1c   0x08004a1c   0x000002f2   Code   RO          605    .text.HAL_SPI_TransmitReceive  stm32f4xx_hal_spi.o
    0x08004d0e   0x08004d0e   0x00000002   PAD
    0x08004d10   0x08004d10   0x0000002c   Code   RO         1342    .text.HAL_SYSTICK_Config  stm32f4xx_hal_cortex.o
    0x08004d3c   0x08004d3c   0x00000002   Code   RO          971    .text.HAL_TIMEx_BreakCallback  stm32f4xx_hal_tim_ex.o
    0x08004d3e   0x08004d3e   0x00000002   PAD
    0x08004d40   0x08004d40   0x00000002   Code   RO          969    .text.HAL_TIMEx_CommutationCallback  stm32f4xx_hal_tim_ex.o
    0x08004d42   0x08004d42   0x00000002   PAD
    0x08004d44   0x08004d44   0x00000044   Code   RO          963    .text.HAL_TIMEx_MasterConfigSynchronization  stm32f4xx_hal_tim_ex.o
    0x08004d88   0x08004d88   0x00000036   Code   RO          703    .text.HAL_TIM_Base_Init  stm32f4xx_hal_tim.o
    0x08004dbe   0x08004dbe   0x00000002   PAD
    0x08004dc0   0x08004dc0   0x0000006e   Code   RO          201    .text.HAL_TIM_Base_MspInit  tim.o
    0x08004e2e   0x08004e2e   0x00000002   PAD
    0x08004e30   0x08004e30   0x0000001c   Code   RO          713    .text.HAL_TIM_Base_Start  stm32f4xx_hal_tim.o
    0x08004e4c   0x08004e4c   0x000001da   Code   RO          869    .text.HAL_TIM_ConfigClockSource  stm32f4xx_hal_tim.o
    0x08005026   0x08005026   0x00000002   PAD
    0x08005028   0x08005028   0x00000002   Code   RO          833    .text.HAL_TIM_IC_CaptureCallback  stm32f4xx_hal_tim.o
    0x0800502a   0x0800502a   0x00000002   PAD
    0x0800502c   0x0800502c   0x00000170   Code   RO          831    .text.HAL_TIM_IRQHandler  stm32f4xx_hal_tim.o
    0x0800519c   0x0800519c   0x00000002   Code   RO          835    .text.HAL_TIM_OC_DelayElapsedCallback  stm32f4xx_hal_tim.o
    0x0800519e   0x0800519e   0x00000002   PAD
    0x080051a0   0x080051a0   0x00000002   Code   RO          837    .text.HAL_TIM_PWM_PulseFinishedCallback  stm32f4xx_hal_tim.o
    0x080051a2   0x080051a2   0x00000002   PAD
    0x080051a4   0x080051a4   0x00000002   Code   RO          839    .text.HAL_TIM_PeriodElapsedCallback  stm32f4xx_hal_tim.o
    0x080051a6   0x080051a6   0x00000002   PAD
    0x080051a8   0x080051a8   0x00000002   Code   RO          841    .text.HAL_TIM_TriggerCallback  stm32f4xx_hal_tim.o
    0x080051aa   0x080051aa   0x00000002   PAD
    0x080051ac   0x080051ac   0x00000002   Code   RO         1057    .text.HAL_UART_ErrorCallback  stm32f4xx_hal_uart.o
    0x080051ae   0x080051ae   0x00000002   PAD
    0x080051b0   0x080051b0   0x0000025e   Code   RO         1053    .text.HAL_UART_IRQHandler  stm32f4xx_hal_uart.o
    0x0800540e   0x0800540e   0x00000002   PAD
    0x08005410   0x08005410   0x0000005e   Code   RO          983    .text.HAL_UART_Init  stm32f4xx_hal_uart.o
    0x0800546e   0x0800546e   0x00000002   PAD
    0x08005470   0x08005470   0x000000fc   Code   RO          217    .text.HAL_UART_MspInit  usart.o
    0x0800556c   0x0800556c   0x0000014e   Code   RO         1001    .text.HAL_UART_Receive  stm32f4xx_hal_uart.o
    0x080056ba   0x080056ba   0x00000002   PAD
    0x080056bc   0x080056bc   0x00000002   Code   RO         1063    .text.HAL_UART_RxCpltCallback  stm32f4xx_hal_uart.o
    0x080056be   0x080056be   0x00000002   PAD
    0x080056c0   0x080056c0   0x00000186   Code   RO          999    .text.HAL_UART_Transmit  stm32f4xx_hal_uart.o
    0x08005846   0x08005846   0x00000002   PAD
    0x08005848   0x08005848   0x00000002   Code   RO         1059    .text.HAL_UART_TxCpltCallback  stm32f4xx_hal_uart.o
    0x0800584a   0x0800584a   0x00000002   PAD
    0x0800584c   0x0800584c   0x00000002   Code   RO          234    .text.HardFault_Handler  stm32f4xx_it.o
    0x0800584e   0x0800584e   0x00000002   PAD
    0x08005850   0x08005850   0x00000478   Code   RO           25    .text.Home_Display  main.o
    0x08005cc8   0x08005cc8   0x00000080   Code   RO          297    .text.ILI9341_DrawPixel  my_ili9341.o
    0x08005d48   0x08005d48   0x000000c6   Code   RO          299    .text.ILI9341_Fill  my_ili9341.o
    0x08005e0e   0x08005e0e   0x00000002   PAD
    0x08005e10   0x08005e10   0x000000b0   Code   RO          301    .text.ILI9341_Fill_Rect  my_ili9341.o
    0x08005ec0   0x08005ec0   0x000007f8   Code   RO          295    .text.ILI9341_Init  my_ili9341.o
    0x080066b8   0x080066b8   0x0000023e   Code   RO          293    .text.ILI9341_SetCursorPosition  my_ili9341.o
    0x080068f6   0x080068f6   0x00000002   PAD
    0x080068f8   0x080068f8   0x000002be   Code   RO          317    .text.ILI9341_drawChar  my_ili9341.o
    0x08006bb6   0x08006bb6   0x00000002   PAD
    0x08006bb8   0x08006bb8   0x000000c0   Code   RO          309    .text.ILI9341_drawLine  my_ili9341.o
    0x08006c78   0x08006c78   0x0000000c   Code   RO          325    .text.ILI9341_getRotation  my_ili9341.o
    0x08006c84   0x08006c84   0x0000004a   Code   RO          319    .text.ILI9341_printText  my_ili9341.o
    0x08006cce   0x08006cce   0x00000002   PAD
    0x08006cd0   0x08006cd0   0x0000023e   Code   RO          323    .text.ILI9341_setRotation  my_ili9341.o
    0x08006f0e   0x08006f0e   0x00000002   PAD
    0x08006f10   0x08006f10   0x00000610   Code   RO           35    .text.Load_Conditioning2  main.o
    0x08007520   0x08007520   0x000001d4   Code   RO           43    .text.Load_Display  main.o
    0x080076f4   0x080076f4   0x0000006e   Code   RO          129    .text.MX_ADC1_Init  adc.o
    0x08007762   0x08007762   0x00000002   PAD
    0x08007764   0x08007764   0x0000006e   Code   RO          131    .text.MX_ADC2_Init  adc.o
    0x080077d2   0x080077d2   0x00000002   PAD
    0x080077d4   0x080077d4   0x0000006e   Code   RO          133    .text.MX_ADC3_Init  adc.o
    0x08007842   0x08007842   0x00000002   PAD
    0x08007844   0x08007844   0x0000008c   Code   RO          153    .text.MX_DMA_Init   dma.o
    0x080078d0   0x080078d0   0x000000e0   Code   RO          119    .text.MX_GPIO_Init  gpio.o
    0x080079b0   0x080079b0   0x0000006e   Code   RO          162    .text.MX_RTC_Init   rtc.o
    0x08007a1e   0x08007a1e   0x00000002   PAD
    0x08007a20   0x08007a20   0x00000046   Code   RO          179    .text.MX_SPI1_Init  spi.o
    0x08007a66   0x08007a66   0x00000002   PAD
    0x08007a68   0x08007a68   0x0000004c   Code   RO          181    .text.MX_SPI2_Init  spi.o
    0x08007ab4   0x08007ab4   0x0000006e   Code   RO          197    .text.MX_TIM2_Init  tim.o
    0x08007b22   0x08007b22   0x00000002   PAD
    0x08007b24   0x08007b24   0x00000072   Code   RO          199    .text.MX_TIM3_Init  tim.o
    0x08007b96   0x08007b96   0x00000002   PAD
    0x08007b98   0x08007b98   0x0000003c   Code   RO          215    .text.MX_USART3_UART_Init  usart.o
    0x08007bd4   0x08007bd4   0x00000002   Code   RO          236    .text.MemManage_Handler  stm32f4xx_it.o
    0x08007bd6   0x08007bd6   0x00000002   PAD
    0x08007bd8   0x08007bd8   0x00000002   Code   RO          232    .text.NMI_Handler   stm32f4xx_it.o
    0x08007bda   0x08007bda   0x00000002   PAD
    0x08007bdc   0x08007bdc   0x00000002   Code   RO          246    .text.PendSV_Handler  stm32f4xx_it.o
    0x08007bde   0x08007bde   0x00000002   PAD
    0x08007be0   0x08007be0   0x0000000c   Code   RO          264    .text.RTC_Alarm_IRQHandler  stm32f4xx_it.o
    0x08007bec   0x08007bec   0x000001b8   Code   RO           21    .text.RecordData    main.o
    0x08007da4   0x08007da4   0x0000000c   Code   RO          258    .text.SPI1_IRQHandler  stm32f4xx_it.o
    0x08007db0   0x08007db0   0x0000000c   Code   RO          260    .text.SPI2_IRQHandler  stm32f4xx_it.o
    0x08007dbc   0x08007dbc   0x0000000c   Code   RO          671    .text.SPI_DMAAbortOnError  stm32f4xx_hal_spi.o
    0x08007dc8   0x08007dc8   0x00000002   Code   RO          242    .text.SVC_Handler   stm32f4xx_it.o
    0x08007dca   0x08007dca   0x00000006   PAD
    0x08007dd0   0x08007dd0   0x000004d4   Code   RO           29    .text.Spectrum_Calculation  main.o
    0x080082a4   0x080082a4   0x0000061c   Code   RO           31    .text.Spectrum_Display  main.o
    0x080088c0   0x080088c0   0x00000004   Code   RO          248    .text.SysTick_Handler  stm32f4xx_it.o
    0x080088c4   0x080088c4   0x00000056   Code   RO         1436    .text.SystemInit    system_stm32f4xx.o
    0x0800891a   0x0800891a   0x00000002   PAD
    0x0800891c   0x0800891c   0x0000000c   Code   RO          256    .text.TIM2_IRQHandler  stm32f4xx_it.o
    0x08008928   0x08008928   0x00000130   Code   RO          707    .text.TIM_Base_SetConfig  stm32f4xx_hal_tim.o
    0x08008a58   0x08008a58   0x0000002e   Code   RO          354    .text.TSC2046_Begin  tsc2046.o
    0x08008a86   0x08008a86   0x00000002   PAD
    0x08008a88   0x08008a88   0x000002f6   Code   RO          346    .text.TSC2046_GetRawTouch  tsc2046.o
    0x08008d7e   0x08008d7e   0x00000002   PAD
    0x08008d80   0x08008d80   0x000000d2   Code   RO          358    .text.TSC2046_GetTouchData  tsc2046.o
    0x08008e52   0x08008e52   0x00000002   PAD
    0x08008e54   0x08008e54   0x0000000c   Code   RO         1055    .text.UART_DMAAbortOnError  stm32f4xx_hal_uart.o
    0x08008e60   0x08008e60   0x00000258   Code   RO          987    .text.UART_SetConfig  stm32f4xx_hal_uart.o
    0x080090b8   0x080090b8   0x0000000c   Code   RO          262    .text.USART3_IRQHandler  stm32f4xx_it.o
    0x080090c4   0x080090c4   0x00000002   Code   RO          240    .text.UsageFault_Handler  stm32f4xx_it.o
    0x080090c6   0x080090c6   0x00000002   PAD
    0x080090c8   0x080090c8   0x00000598   Code   RO           11    .text.main          main.o
    0x08009660   0x08009660   0x00000028   Code   RO         1995    i.__0sprintf        mc_w.l(printfa.o)
    0x08009688   0x08009688   0x00000030   Code   RO         2057    i.__ARM_fpclassify  m_wm.l(fpclassify.o)
    0x080096b8   0x080096b8   0x00000358   Code   RO         1736    i.__hardfp_exp      m_wm.l(exp.o)
    0x08009a10   0x08009a10   0x0000007a   Code   RO         1743    i.__hardfp_sqrt     m_wm.l(sqrt.o)
    0x08009a8a   0x08009a8a   0x000000f8   Code   RO         2059    i.__kernel_poly     m_wm.l(poly.o)
    0x08009b82   0x08009b82   0x00000014   Code   RO         2044    i.__mathlib_dbl_infnan  m_wm.l(dunder.o)
    0x08009b96   0x08009b96   0x00000002   PAD
    0x08009b98   0x08009b98   0x00000020   Code   RO         2047    i.__mathlib_dbl_overflow  m_wm.l(dunder.o)
    0x08009bb8   0x08009bb8   0x00000020   Code   RO         2049    i.__mathlib_dbl_underflow  m_wm.l(dunder.o)
    0x08009bd8   0x08009bd8   0x0000000e   Code   RO         2125    i.__scatterload_copy  mc_w.l(handlers.o)
    0x08009be6   0x08009be6   0x00000002   Code   RO         2126    i.__scatterload_null  mc_w.l(handlers.o)
    0x08009be8   0x08009be8   0x0000000e   Code   RO         2127    i.__scatterload_zeroinit  mc_w.l(handlers.o)
    0x08009bf6   0x08009bf6   0x00000002   PAD
    0x08009bf8   0x08009bf8   0x0000000c   Code   RO         2099    i.__set_errno       mc_w.l(errno.o)
    0x08009c04   0x08009c04   0x00000184   Code   RO         2000    i._fp_digits        mc_w.l(printfa.o)
    0x08009d88   0x08009d88   0x000006dc   Code   RO         2001    i._printf_core      mc_w.l(printfa.o)
    0x0800a464   0x0800a464   0x00000024   Code   RO         2002    i._printf_post_padding  mc_w.l(printfa.o)
    0x0800a488   0x0800a488   0x0000002e   Code   RO         2003    i._printf_pre_padding  mc_w.l(printfa.o)
    0x0800a4b6   0x0800a4b6   0x0000000a   Code   RO         2005    i._sputc            mc_w.l(printfa.o)
    0x0800a4c0   0x0800a4c0   0x00000800   Data   RO         1657    .constdata          arm_cortexM4lf_math.lib(arm_common_tables.o)
    0x0800acc0   0x0800acc0   0x00008000   Data   RO         1666    .constdata          arm_cortexM4lf_math.lib(arm_common_tables.o)
    0x08012cc0   0x08012cc0   0x00000058   Data   RO         1739    .constdata          m_wm.l(exp.o)
    0x08012d18   0x08012d18   0x00000010   Data   RO         1441    .rodata.AHBPrescTable  system_stm32f4xx.o
    0x08012d28   0x08012d28   0x00000008   Data   RO         1442    .rodata.APBPrescTable  system_stm32f4xx.o
    0x08012d30   0x08012d30   0x00000008   Data   RO         1261    .rodata.cst8        stm32f4xx_hal_dma.o
    0x08012d38   0x08012d38   0x00000500   Data   RO          328    .rodata.font1       my_ili9341.o
    0x08013238   0x08013238   0x000000d8   Data   RO           63    .rodata.str1.1      main.o
    0x08013310   0x08013310   0x00000020   Data   RO         2124    Region$$Table       anon$$obj.o


    Execution Region RW_IRAM1 (Exec base: 0x20000000, Load base: 0x08013330, Size: 0x000023f0, Max: 0x00020000, ABSOLUTE)

    Exec Addr    Load Addr    Size         Type   Attr      Idx    E Section Name        Object

    0x20000000   0x08013330   0x00000004   Data   RW         2100    .data               mc_w.l(errno.o)
    0x20000004   0x08013334   0x00000008   Data   RW         1427    .data..L_MergedGlobals  stm32f4xx_hal.o
    0x2000000c   0x0801333c   0x00000004   Data   RW         1440    .data.SystemCoreClock  system_stm32f4xx.o
    0x20000010   0x08013340   0x00000004   Data   RW           47    .data.blockSize     main.o
    0x20000014   0x08013344   0x00000004   Data   RW           51    .data.dis           main.o
    0x20000018   0x08013348   0x00000001   Data   RW          327    .data.rotationNum   my_ili9341.o
    0x20000019   0x08013349   0x00000007   PAD
    0x20000020        -       0x00000070   Zero   RW          104    .bss..L_MergedGlobals  main.o
    0x20000090        -       0x00000048   Zero   RW          170    .bss..L_MergedGlobals  rtc.o
    0x200000d8        -       0x00000068   Zero   RW          329    .bss..L_MergedGlobals  my_ili9341.o
    0x20000140        -       0x00000034   Zero   RW          362    .bss..L_MergedGlobals  tsc2046.o
    0x20000174   0x08013349   0x00000004   PAD
    0x20000178        -       0x00000058   Zero   RW          105    .bss..L_MergedGlobals.78  main.o
    0x200001d0        -       0x00000064   Zero   RW          106    .bss..L_MergedGlobals.79  main.o
    0x20000234        -       0x00000064   Zero   RW          107    .bss..L_MergedGlobals.80  main.o
    0x20000298        -       0x00000064   Zero   RW          108    .bss..L_MergedGlobals.81  main.o
    0x200002fc        -       0x00000064   Zero   RW          109    .bss..L_MergedGlobals.82  main.o
    0x20000360        -       0x00000078   Zero   RW          110    .bss..L_MergedGlobals.83  main.o
    0x200003d8        -       0x00000064   Zero   RW           67    .bss.Ars            main.o
    0x2000043c        -       0x00000064   Zero   RW           69    .bss.Eng            main.o
    0x200004a0        -       0x00000200   Zero   RW           95    .bss.IPOWER         main.o
    0x200006a0        -       0x00000100   Zero   RW           60    .bss.I_CAL          main.o
    0x200007a0        -       0x00000200   Zero   RW           87    .bss.Ifft           main.o
    0x200009a0        -       0x00000004   Zero   RW           89    .bss.IrmsFFT        main.o
    0x200009a4        -       0x00000100   Zero   RW           62    .bss.Irms_fft       main.o
    0x20000aa4        -       0x00000004   Zero   RW           83    .bss.Irmsrms        main.o
    0x20000aa8        -       0x00000004   Zero   RW           84    .bss.Irmsrmsfft     main.o
    0x20000aac   0x08013349   0x00000004   PAD
    0x20000ab0        -       0x00000050   Zero   RW           70    .bss.LAYER1         main.o
    0x20000b00        -       0x00000050   Zero   RW           71    .bss.LOGSIG         main.o
    0x20000b50        -       0x00000100   Zero   RW           59    .bss.OutputIfft     main.o
    0x20000c50        -       0x00000100   Zero   RW           57    .bss.OutputVfft     main.o
    0x20000d50        -       0x00000064   Zero   RW           68    .bss.Pow            main.o
    0x20000db4        -       0x00000014   Zero   RW          102    .bss.Radix2         main.o
    0x20000dc8        -       0x00000004   Zero   RW           93    .bss.S              main.o
    0x20000dcc   0x08013349   0x00000004   PAD
    0x20000dd0        -       0x00000200   Zero   RW           61    .bss.TampilI        main.o
    0x20000fd0        -       0x00000200   Zero   RW           58    .bss.TampilV        main.o
    0x200011d0        -       0x00000064   Zero   RW           65    .bss.Teg            main.o
    0x20001234        -       0x00000200   Zero   RW           96    .bss.VPOWER         main.o
    0x20001434        -       0x00000200   Zero   RW           86    .bss.Vfft           main.o
    0x20001634        -       0x00000004   Zero   RW           88    .bss.VrmsFFT        main.o
    0x20001638        -       0x00000100   Zero   RW           66    .bss.Vrms_fft       main.o
    0x20001738        -       0x00000004   Zero   RW           80    .bss.Vrmsrms        main.o
    0x2000173c        -       0x00000004   Zero   RW           81    .bss.Vrmsrmsfft     main.o
    0x20001740        -       0x00000048   Zero   RW          139    .bss.hadc1          adc.o
    0x20001788        -       0x00000048   Zero   RW          140    .bss.hadc2          adc.o
    0x200017d0        -       0x00000048   Zero   RW          141    .bss.hadc3          adc.o
    0x20001818        -       0x00000060   Zero   RW          142    .bss.hdma_adc1      adc.o
    0x20001878        -       0x00000060   Zero   RW          143    .bss.hdma_adc2      adc.o
    0x200018d8        -       0x00000060   Zero   RW          144    .bss.hdma_adc3      adc.o
    0x20001938        -       0x00000060   Zero   RW          222    .bss.hdma_usart3_rx  usart.o
    0x20001998        -       0x00000060   Zero   RW          223    .bss.hdma_usart3_tx  usart.o
    0x200019f8        -       0x00000058   Zero   RW          187    .bss.hspi1          spi.o
    0x20001a50        -       0x00000058   Zero   RW          188    .bss.hspi2          spi.o
    0x20001aa8        -       0x0000003c   Zero   RW          205    .bss.htim2          tim.o
    0x20001ae4        -       0x0000003c   Zero   RW          206    .bss.htim3          tim.o
    0x20001b20        -       0x00000040   Zero   RW          221    .bss.huart3         usart.o
    0x20001b60        -       0x00000004   Zero   RW           48    .bss.i              main.o
    0x20001b64        -       0x00000004   Zero   RW           90    .bss.offset         main.o
    0x20001b68        -       0x00000004   Zero   RW           75    .bss.pResultIrms    main.o
    0x20001b6c        -       0x00000004   Zero   RW           74    .bss.pResultVrms    main.o
    0x20001b70        -       0x00000104   Zero   RW           79    .bss.pSrcI          main.o
    0x20001c74        -       0x00000104   Zero   RW           78    .bss.pSrcV          main.o
    0x20001d78        -       0x00000004   Zero   RW           50    .bss.pp             main.o
    0x20001d7c        -       0x00000004   Zero   RW          169    .bss.sDate          rtc.o
    0x20001d80        -       0x00000014   Zero   RW          168    .bss.sTime          rtc.o
    0x20001d94        -       0x00000058   Zero   RW          360    .bss.tsSPIhandle    tsc2046.o
    0x20001dec        -       0x00000004   Zero   RW         1426    .bss.uwTick         stm32f4xx_hal.o
    0x20001df0        -       0x00000200   Zero   RW           56    .bss.watthour       main.o
    0x20001ff0        -       0x00000400   Zero   RW            1    STACK               startup_stm32f407xx.o


==============================================================================

Image component sizes


      Code (inc. data)   RO Data    RW Data    ZI Data      Debug   Object Name

       786          0          0          0        504       7960   adc.o
       140          0          0          0          0       3523   dma.o
       224          0          0          0          0       2463   gpio.o
     11550       1416        216          8       6732      21407   main.o
      4670          6       1280          1        104      23530   my_ili9341.o
       160          0          0          0         96       5410   rtc.o
       358          0          0          0        176       7427   spi.o
        36          8        392          0       1024        864   startup_stm32f407xx.o
       204          0          0          8          4       7082   stm32f4xx_hal.o
      1272          0          0          0          0      11458   stm32f4xx_hal_adc.o
         2          0          0          0          0       9836   stm32f4xx_hal_adc_ex.o
       188          0          0          0          0      10161   stm32f4xx_hal_cortex.o
       838          6          8          0          0      10726   stm32f4xx_hal_dma.o
       416          0          0          0          0       5162   stm32f4xx_hal_gpio.o
        56          0          0          0          0       1471   stm32f4xx_hal_msp.o
      1376          0          0          0          0       7323   stm32f4xx_hal_rcc.o
       330          0          0          0          0       4423   stm32f4xx_hal_rcc_ex.o
      1724          0          0          0          0      14266   stm32f4xx_hal_rtc.o
         2          0          0          0          0      13920   stm32f4xx_hal_rtc_ex.o
      2214          0          0          0          0      24596   stm32f4xx_hal_spi.o
      1238          0          0          0          0      46810   stm32f4xx_hal_tim.o
        72          0          0          0          0      16104   stm32f4xx_hal_tim_ex.o
      2042          0          0          0          0      19135   stm32f4xx_hal_uart.o
      1696         88          0          0          0       9579   stm32f4xx_it.o
        86          0         24          4          0       2682   system_stm32f4xx.o
       334          0          0          0        120       7334   tim.o
      1014          8          0          0        140      11363   tsc2046.o
       312          0          0          0        256       7153   usart.o

    ----------------------------------------------------------------------
     33484       1536       1952         24       9172     313168   Object Totals
         0          0         32          0          0          0   (incl. Generated)
       144          4          0          3         16          0   (incl. Padding)

    ----------------------------------------------------------------------

      Code (inc. data)   RO Data    RW Data    ZI Data      Debug   Library Member Name

       470          0          0          0          0       2962   arm_bitreversal.o
       768          0          0          0          0      16768   arm_cfft_radix2_f32.o
       308         78          0          0          0       1307   arm_cfft_radix2_init_f32.o
       252          6          0          0          0      18948   arm_cmplx_mag_f32.o
         0          0      34816          0          0       4636   arm_common_tables.o
       216          0          0          0          0       1654   arm_max_f32.o
       216          0          0          0          0       1654   arm_min_f32.o
       236          4          0          0          0       1230   arm_rms_f32.o
        84         16          0          0          0        372   dunder.o
       856        142         88          0          0        288   exp.o
        48          0          0          0          0        124   fpclassify.o
       248          0          0          0          0        152   poly.o
       122          0          0          0          0        148   sqrt.o
         0          0          0          0          0          0   entry.o
         0          0          0          0          0          0   entry10a.o
         0          0          0          0          0          0   entry11a.o
         8          4          0          0          0          0   entry2.o
         4          0          0          0          0          0   entry5.o
         0          0          0          0          0          0   entry7b.o
         0          0          0          0          0          0   entry8b.o
         8          4          0          0          0          0   entry9a.o
        12          6          0          4          0         68   errno.o
        30          0          0          0          0          0   handlers.o
        48         10          0          0          0         68   init.o
         0          0          0          0          0          0   iusefp.o
        30          0          0          0          0         68   llshl.o
        36          0          0          0          0         68   llsshr.o
        32          0          0          0          0         68   llushr.o
        36          0          0          0          0         68   memcpya.o
      2276         86          0          0          0        520   printfa.o
        14          0          0          0          0         68   strlen.o
        44          0          0          0          0         80   uidiv.o
        98          0          0          0          0         92   uldiv.o
        48          0          0          0          0         68   cdcmple.o
        48          0          0          0          0         68   cdrcmple.o
        56          0          0          0          0         88   d2f.o
       334          0          0          0          0        148   dadd.o
        54          0          0          0          0         80   dcmpge.o
        54          0          0          0          0         80   dcmpgt.o
        54          0          0          0          0         80   dcmple.o
        54          0          0          0          0         80   dcmplt.o
       222          0          0          0          0        100   ddiv.o
       186          0          0          0          0        176   depilogue.o
        62          0          0          0          0         80   dfixi.o
        48          0          0          0          0         68   dfixul.o
        34          0          0          0          0         76   dflti.o
       228          0          0          0          0         96   dmul.o
       162          0          0          0          0        100   dsqrt.o
        38          0          0          0          0         68   f2d.o
       110          0          0          0          0        168   fepilogue.o

    ----------------------------------------------------------------------
      8300        360      34904          4          0      53035   Library Totals
         8          4          0          0          0          0   (incl. Padding)

    ----------------------------------------------------------------------

      Code (inc. data)   RO Data    RW Data    ZI Data      Debug   Library Name

      2466         88      34816          0          0      49159   arm_cortexM4lf_math.lib
      1358        158         88          0          0       1084   m_wm.l
      2676        110          0          4          0       1168   mc_w.l
      1792          0          0          0          0       1624   mf_w.l

    ----------------------------------------------------------------------
      8300        360      34904          4          0      53035   Library Totals

    ----------------------------------------------------------------------

==============================================================================


      Code (inc. data)   RO Data    RW Data    ZI Data      Debug   

     41784       1896      36856         28       9172     363279   Grand Totals
     41784       1896      36856         28       9172     363279   ELF Image Totals
     41784       1896      36856         28          0          0   ROM Totals

==============================================================================

    Total RO  Size (Code + RO Data)                78640 (  76.80kB)
    Total RW  Size (RW Data + ZI Data)              9200 (   8.98kB)
    Total ROM Size (Code + RO Data + RW Data)      78668 (  76.82kB)

==============================================================================

